Test result differs at line 12, signal ao[0] = 1
Test result differs at line 12, signal ao[2] = 1
Test result differs at line 13, signal ao[0] = 1
Test result differs at line 13, signal ao[1] = 1
Test result differs at line 13, signal clk = 1
Test result differs at line 14, signal clk = 1
Test result differs at line 14, signal ce = 1
Test result differs at line 14, signal sr = 1
Test result differs at line 14, signal rs = 1
Test result differs at line 15, signal ao[2] = 1
Test result differs at line 15, signal ('ai', 3, 0) = b0001 
Test result differs at line 16, signal ao[0] = 0
Test result differs at line 16, signal ('ai', 3, 0) = b1011 
Test result differs at line 17, signal clk = 0
Test result differs at line 19, signal ('ai', 3, 0) = b0000 
Test result differs at line 28, signal ao[0] = 1
Test result differs at line 28, signal ao[2] = 1
Test result differs at line 29, signal ao[0] = 1
Test result differs at line 29, signal ao[1] = 1
Test result differs at line 29, signal clk = 1
Test result differs at line 30, signal clk = 1
Test result differs at line 30, signal ce = 1
Test result differs at line 30, signal sr = 1
Test result differs at line 30, signal rs = 1
Test result differs at line 31, signal ao[2] = 1
Test result differs at line 31, signal ('ai', 3, 0) = b0001 
Test result differs at line 32, signal ('ai', 3, 0) = b1011 
Test result differs at line 44, signal ao[0] = 1
Test result differs at line 44, signal ao[2] = 1
Test result differs at line 45, signal ao[0] = 1
Test result differs at line 45, signal ao[1] = 1
Test result differs at line 45, signal clk = 1
Test result differs at line 46, signal clk = 1
Test result differs at line 46, signal ce = 1
Test result differs at line 46, signal sr = 1
Test result differs at line 46, signal rs = 1
Test result differs at line 47, signal ao[2] = 1
Test result differs at line 47, signal ('ai', 3, 0) = b0001 
Test result differs at line 48, signal ('ai', 3, 0) = b1011 
Test result differs at line 60, signal ao[0] = 1
Test result differs at line 60, signal ao[2] = 1
Test result differs at line 61, signal ao[0] = 1
Test result differs at line 61, signal ao[1] = 1
Test result differs at line 61, signal clk = 1
Test result differs at line 62, signal clk = 1
Test result differs at line 62, signal ce = 1
Test result differs at line 62, signal sr = 1
Test result differs at line 62, signal rs = 1
Test result differs at line 63, signal ao[2] = 1
Test result differs at line 63, signal ('ai', 3, 0) = b0001 
Test result differs at line 64, signal ('ai', 3, 0) = b1011 
Test result differs at line 76, signal ao[0] = 1
Test result differs at line 76, signal ao[2] = 1
Test result differs at line 77, signal ao[0] = 1
Test result differs at line 77, signal ao[1] = 1
Test result differs at line 77, signal clk = 1
Test result differs at line 78, signal clk = 1
Test result differs at line 78, signal ce = 1
Test result differs at line 78, signal sr = 1
Test result differs at line 78, signal rs = 1
Test result differs at line 79, signal ao[2] = 1
Test result differs at line 79, signal ('ai', 3, 0) = b0001 
Test result differs at line 80, signal ('ai', 3, 0) = b1011 
Test result differs at line 92, signal ao[0] = 1
Test result differs at line 92, signal ao[2] = 1
Test result differs at line 93, signal ao[0] = 1
Test result differs at line 93, signal ao[1] = 1
Test result differs at line 93, signal clk = 1
Test result differs at line 94, signal clk = 1
Test result differs at line 94, signal ce = 1
Test result differs at line 94, signal sr = 1
Test result differs at line 94, signal rs = 1
Test result differs at line 95, signal ao[2] = 1
Test result differs at line 95, signal ('ai', 3, 0) = b0001 
Test result differs at line 96, signal ('ai', 3, 0) = b1011 
Test result differs at line 108, signal ao[0] = 1
Test result differs at line 108, signal ao[2] = 1
Test result differs at line 109, signal ao[0] = 1
Test result differs at line 109, signal ao[1] = 1
Test result differs at line 109, signal clk = 1
Test result differs at line 110, signal clk = 1
Test result differs at line 110, signal ce = 1
Test result differs at line 110, signal sr = 1
Test result differs at line 110, signal rs = 1
Test result differs at line 111, signal ao[2] = 1
Test result differs at line 111, signal ('ai', 3, 0) = b0001 
Test result differs at line 112, signal ('ai', 3, 0) = b1011 
Test result differs at line 124, signal ao[0] = 1
Test result differs at line 124, signal ao[2] = 1
Test result differs at line 125, signal ao[0] = 1
Test result differs at line 125, signal ao[1] = 1
Test result differs at line 125, signal clk = 1
Test result differs at line 126, signal clk = 1
Test result differs at line 126, signal ce = 1
Test result differs at line 126, signal sr = 1
Test result differs at line 126, signal rs = 1
Test result differs at line 127, signal ao[2] = 1
Test result differs at line 127, signal ('ai', 3, 0) = b0001 
Test result differs at line 128, signal ('ai', 3, 0) = b1011 
Test result differs at line 140, signal ao[0] = 1
Test result differs at line 140, signal ao[2] = 1
Test result differs at line 141, signal ao[0] = 1
Test result differs at line 141, signal ao[1] = 1
Test result differs at line 141, signal clk = 1
Test result differs at line 142, signal clk = 1
Test result differs at line 142, signal ce = 1
Test result differs at line 142, signal sr = 1
Test result differs at line 142, signal rs = 1
Test result differs at line 143, signal ao[2] = 1
Test result differs at line 143, signal ('ai', 3, 0) = b0001 
Test result differs at line 144, signal ('ai', 3, 0) = b1011 
Test result differs at line 156, signal ao[0] = 1
Test result differs at line 156, signal ao[2] = 1
Test result differs at line 157, signal ao[0] = 1
Test result differs at line 157, signal ao[1] = 1
Test result differs at line 157, signal clk = 1
Test result differs at line 158, signal clk = 1
Test result differs at line 158, signal ce = 1
Test result differs at line 158, signal sr = 1
Test result differs at line 158, signal rs = 1
Test result differs at line 159, signal ao[2] = 1
Test result differs at line 159, signal ('ai', 3, 0) = b0001 
Test result differs at line 160, signal ('ai', 3, 0) = b1011 
Test result differs at line 172, signal ao[0] = 1
Test result differs at line 172, signal ao[2] = 1
Test result differs at line 173, signal ao[0] = 1
Test result differs at line 173, signal ao[1] = 1
Test result differs at line 173, signal clk = 1
Test result differs at line 174, signal clk = 1
Test result differs at line 174, signal ce = 1
Test result differs at line 174, signal sr = 1
Test result differs at line 174, signal rs = 1
Test result differs at line 175, signal ao[2] = 1
Test result differs at line 175, signal ('ai', 3, 0) = b0101 
Test result differs at line 176, signal ('ai', 3, 0) = b1011 
Test result differs at line 188, signal ao[0] = 1
Test result differs at line 188, signal ao[1] = 1
Test result differs at line 188, signal ao[2] = 1
Test result differs at line 189, signal ao[0] = 1
Test result differs at line 189, signal ao[1] = 1
Test result differs at line 189, signal clk = 1
Test result differs at line 189, signal sr = 1
Test result differs at line 190, signal clk = 1
Test result differs at line 190, signal ce = 1
Test result differs at line 190, signal sr = 1
Test result differs at line 190, signal rs = 1
Test result differs at line 191, signal ao[2] = 1
Test result differs at line 191, signal ('ai', 3, 0) = b1111 
Test result differs at line 192, signal ('ai', 3, 0) = b1011 
Test result differs at line 203, signal ao[3] = 1
Test result differs at line 204, signal ao[0] = 1
Test result differs at line 204, signal ao[1] = 1
Test result differs at line 204, signal ao[2] = 1
Test result differs at line 205, signal ao[1] = 1
Test result differs at line 205, signal clk = 1
Test result differs at line 205, signal ce = 1
Test result differs at line 205, signal sr = 1
Test result differs at line 205, signal rs = 1
Test result differs at line 205, signal ao[0] = 1
Test result differs at line 206, signal clk = 1
Test result differs at line 206, signal ce = 1
Test result differs at line 206, signal sr = 1
Test result differs at line 206, signal rs = 1
Test result differs at line 207, signal ao[2] = 1
Test result differs at line 207, signal ('ai', 3, 0) = b1111 
Test result differs at line 208, signal ('ai', 3, 0) = b1111 
Test result differs at line 219, signal ao[3] = 1
Test result differs at line 220, signal ao[0] = 1
Test result differs at line 220, signal ao[1] = 1
Test result differs at line 220, signal ao[2] = 1
Test result differs at line 221, signal ao[1] = 1
Test result differs at line 221, signal clk = 1
Test result differs at line 221, signal ce = 1
Test result differs at line 221, signal sr = 1
Test result differs at line 221, signal rs = 1
Test result differs at line 221, signal ao[0] = 1
Test result differs at line 222, signal clk = 1
Test result differs at line 222, signal ce = 1
Test result differs at line 222, signal sr = 1
Test result differs at line 222, signal rs = 1
Test result differs at line 223, signal ao[2] = 1
Test result differs at line 223, signal ('ai', 3, 0) = b1111 
Test result differs at line 224, signal ('ai', 3, 0) = b1111 
Test result differs at line 235, signal ao[3] = 1
Test result differs at line 236, signal ao[0] = 1
Test result differs at line 236, signal ao[1] = 1
Test result differs at line 236, signal ao[3] = 1
Test result differs at line 236, signal ao[2] = 1
Test result differs at line 237, signal ao[1] = 1
Test result differs at line 237, signal clk = 1
Test result differs at line 237, signal ce = 1
Test result differs at line 237, signal sr = 1
Test result differs at line 237, signal rs = 1
Test result differs at line 237, signal ao[0] = 1
Test result differs at line 238, signal clk = 1
Test result differs at line 238, signal ce = 1
Test result differs at line 238, signal sr = 1
Test result differs at line 238, signal rs = 1
Test result differs at line 239, signal ao[2] = 1
Test result differs at line 239, signal ('ai', 3, 0) = b1111 
Test result differs at line 240, signal ('ai', 3, 0) = b1111 
Test result differs at line 251, signal ao[3] = 1
Test result differs at line 252, signal ao[0] = 1
Test result differs at line 252, signal ao[1] = 1
Test result differs at line 252, signal ao[3] = 1
Test result differs at line 252, signal ao[2] = 1
Test result differs at line 253, signal ao[1] = 1
Test result differs at line 253, signal clk = 1
Test result differs at line 253, signal ce = 1
Test result differs at line 253, signal sr = 1
Test result differs at line 253, signal rs = 1
Test result differs at line 253, signal ao[0] = 1
Test result differs at line 254, signal clk = 1
Test result differs at line 254, signal ce = 1
Test result differs at line 254, signal sr = 1
Test result differs at line 254, signal rs = 1
Test result differs at line 255, signal ao[2] = 1
Test result differs at line 255, signal ('ai', 3, 0) = b1111 
Test result differs at line 256, signal ('ai', 3, 0) = b1111 
Test result differs at line 267, signal ao[3] = 1
Test result differs at line 268, signal ao[0] = 1
Test result differs at line 268, signal ao[1] = 1
Test result differs at line 268, signal ao[3] = 1
Test result differs at line 268, signal ao[2] = 1
Test result differs at line 269, signal ao[1] = 1
Test result differs at line 269, signal clk = 1
Test result differs at line 269, signal ce = 1
Test result differs at line 269, signal sr = 1
Test result differs at line 269, signal rs = 1
Test result differs at line 269, signal ao[0] = 1
Test result differs at line 270, signal clk = 1
Test result differs at line 270, signal ce = 1
Test result differs at line 270, signal sr = 1
Test result differs at line 270, signal rs = 1
Test result differs at line 271, signal ao[2] = 1
Test result differs at line 271, signal ('ai', 3, 0) = b1111 
Test result differs at line 272, signal ('ai', 3, 0) = b1111 
Test result differs at line 283, signal ao[3] = 1
Test result differs at line 284, signal ao[0] = 1
Test result differs at line 284, signal ao[1] = 1
Test result differs at line 284, signal ao[3] = 1
Test result differs at line 284, signal ao[2] = 1
Test result differs at line 285, signal ao[1] = 1
Test result differs at line 285, signal clk = 1
Test result differs at line 285, signal ce = 1
Test result differs at line 285, signal sr = 1
Test result differs at line 285, signal rs = 1
Test result differs at line 285, signal ao[0] = 1
Test result differs at line 286, signal clk = 1
Test result differs at line 286, signal ce = 1
Test result differs at line 286, signal sr = 1
Test result differs at line 286, signal rs = 1
Test result differs at line 287, signal ao[2] = 1
Test result differs at line 287, signal ('ai', 3, 0) = b1111 
Test result differs at line 288, signal ('ai', 3, 0) = b1111 
Test result differs at line 299, signal ao[3] = 1
Test result differs at line 300, signal ao[0] = 1
Test result differs at line 300, signal ao[1] = 1
Test result differs at line 300, signal ao[3] = 1
Test result differs at line 300, signal ao[2] = 1
Test result differs at line 301, signal ao[1] = 1
Test result differs at line 301, signal clk = 1
Test result differs at line 301, signal ce = 1
Test result differs at line 301, signal sr = 1
Test result differs at line 301, signal rs = 1
Test result differs at line 301, signal ao[0] = 1
Test result differs at line 302, signal clk = 1
Test result differs at line 302, signal ce = 1
Test result differs at line 302, signal sr = 1
Test result differs at line 302, signal rs = 1
Test result differs at line 303, signal ao[2] = 1
Test result differs at line 303, signal ('ai', 3, 0) = b1111 
Test result differs at line 304, signal ('ai', 3, 0) = b1111 
Test result differs at line 315, signal ao[3] = 1
Test result differs at line 316, signal ao[0] = 1
Test result differs at line 316, signal ao[1] = 1
Test result differs at line 316, signal ao[3] = 1
Test result differs at line 316, signal ao[2] = 1
Test result differs at line 317, signal ao[1] = 1
Test result differs at line 317, signal clk = 1
Test result differs at line 317, signal ce = 1
Test result differs at line 317, signal sr = 1
Test result differs at line 317, signal rs = 1
Test result differs at line 317, signal ao[0] = 1
Test result differs at line 318, signal clk = 1
Test result differs at line 318, signal ce = 1
Test result differs at line 318, signal sr = 1
Test result differs at line 318, signal rs = 1
Test result differs at line 319, signal ao[2] = 1
Test result differs at line 319, signal ('ai', 3, 0) = b1111 
Test result differs at line 320, signal ('ai', 3, 0) = b1111 
Test result differs at line 331, signal ao[3] = 1
Test result differs at line 332, signal ao[0] = 1
Test result differs at line 332, signal ao[1] = 1
Test result differs at line 332, signal ao[3] = 1
Test result differs at line 332, signal ao[2] = 1
Test result differs at line 333, signal ao[1] = 1
Test result differs at line 333, signal clk = 1
Test result differs at line 333, signal ce = 1
Test result differs at line 333, signal sr = 1
Test result differs at line 333, signal rs = 1
Test result differs at line 333, signal ao[0] = 1
Test result differs at line 334, signal clk = 1
Test result differs at line 334, signal ce = 1
Test result differs at line 334, signal sr = 1
Test result differs at line 334, signal rs = 1
Test result differs at line 335, signal ao[2] = 1
Test result differs at line 335, signal ('ai', 3, 0) = b1111 
Test result differs at line 336, signal ('ai', 3, 0) = b1111 
Test result differs at line 347, signal ao[3] = 1
Test result differs at line 348, signal ao[0] = 1
Test result differs at line 348, signal ao[1] = 1
Test result differs at line 348, signal ao[3] = 1
Test result differs at line 348, signal ao[2] = 1
Test result differs at line 349, signal ao[1] = 1
Test result differs at line 349, signal clk = 1
Test result differs at line 349, signal ce = 1
Test result differs at line 349, signal sr = 1
Test result differs at line 349, signal rs = 1
Test result differs at line 349, signal ao[0] = 1
Test result differs at line 350, signal clk = 1
Test result differs at line 350, signal ce = 1
Test result differs at line 350, signal sr = 1
Test result differs at line 350, signal rs = 1
Test result differs at line 351, signal ao[2] = 1
Test result differs at line 351, signal ('ai', 3, 0) = b1111 
Test result differs at line 352, signal ('ai', 3, 0) = b1111 
Test result differs at line 363, signal ao[3] = 1
Test result differs at line 364, signal ao[0] = 1
Test result differs at line 364, signal ao[1] = 1
Test result differs at line 364, signal ao[3] = 1
Test result differs at line 364, signal ao[2] = 1
Test result differs at line 365, signal ao[1] = 1
Test result differs at line 365, signal clk = 1
Test result differs at line 365, signal ce = 1
Test result differs at line 365, signal sr = 1
Test result differs at line 365, signal rs = 1
Test result differs at line 365, signal ao[0] = 1
Test result differs at line 366, signal clk = 1
Test result differs at line 366, signal ce = 1
Test result differs at line 366, signal sr = 1
Test result differs at line 366, signal rs = 1
Test result differs at line 367, signal ao[2] = 1
Test result differs at line 367, signal ('ai', 3, 0) = b1111 
Test result differs at line 368, signal ('ai', 3, 0) = b1111 
Test result differs at line 379, signal ao[3] = 1
Test result differs at line 380, signal ao[0] = 1
Test result differs at line 380, signal ao[1] = 1
Test result differs at line 380, signal ao[3] = 1
Test result differs at line 380, signal ao[2] = 1
Test result differs at line 381, signal ao[1] = 1
Test result differs at line 381, signal clk = 1
Test result differs at line 381, signal ce = 1
Test result differs at line 381, signal sr = 1
Test result differs at line 381, signal rs = 1
Test result differs at line 381, signal ao[0] = 1
Test result differs at line 382, signal clk = 1
Test result differs at line 382, signal ce = 1
Test result differs at line 382, signal sr = 1
Test result differs at line 382, signal rs = 1
Test result differs at line 383, signal ao[2] = 1
Test result differs at line 383, signal ('ai', 3, 0) = b1111 
Test result differs at line 384, signal ('ai', 3, 0) = b1111 
Test result differs at line 395, signal ao[3] = 1
Test result differs at line 396, signal ao[0] = 1
Test result differs at line 396, signal ao[1] = 1
Test result differs at line 396, signal ao[3] = 1
Test result differs at line 396, signal ao[2] = 1
Test result differs at line 397, signal ao[1] = 1
Test result differs at line 397, signal clk = 1
Test result differs at line 397, signal ce = 1
Test result differs at line 397, signal sr = 1
Test result differs at line 397, signal rs = 1
Test result differs at line 397, signal ao[0] = 1
Test result differs at line 398, signal clk = 1
Test result differs at line 398, signal ce = 1
Test result differs at line 398, signal sr = 1
Test result differs at line 398, signal rs = 1
Test result differs at line 399, signal ao[2] = 1
Test result differs at line 399, signal ('ai', 3, 0) = b1111 
Test result differs at line 400, signal ('ai', 3, 0) = b1111 
Test result differs at line 411, signal ao[3] = 1
Test result differs at line 412, signal ao[0] = 1
Test result differs at line 412, signal ao[1] = 1
Test result differs at line 412, signal ao[3] = 1
Test result differs at line 412, signal ao[2] = 1
Test result differs at line 413, signal ao[1] = 1
Test result differs at line 413, signal clk = 1
Test result differs at line 413, signal ce = 1
Test result differs at line 413, signal sr = 1
Test result differs at line 413, signal rs = 1
Test result differs at line 413, signal ao[0] = 1
Test result differs at line 414, signal clk = 1
Test result differs at line 414, signal ce = 1
Test result differs at line 414, signal sr = 1
Test result differs at line 414, signal rs = 1
Test result differs at line 415, signal ao[2] = 1
Test result differs at line 415, signal ('ai', 3, 0) = b1111 
Test result differs at line 416, signal ('ai', 3, 0) = b1111 
Test result differs at line 427, signal ao[3] = 1
Test result differs at line 428, signal ao[0] = 1
Test result differs at line 428, signal ao[1] = 1
Test result differs at line 428, signal ao[3] = 1
Test result differs at line 428, signal ao[2] = 1
Test result differs at line 429, signal ao[1] = 1
Test result differs at line 429, signal clk = 1
Test result differs at line 429, signal ce = 1
Test result differs at line 429, signal sr = 1
Test result differs at line 429, signal rs = 1
Test result differs at line 429, signal ao[0] = 1
Test result differs at line 430, signal clk = 1
Test result differs at line 430, signal ce = 1
Test result differs at line 430, signal sr = 1
Test result differs at line 430, signal rs = 1
Test result differs at line 431, signal ao[2] = 1
Test result differs at line 431, signal ('ai', 3, 0) = b1111 
Test result differs at line 432, signal ('ai', 3, 0) = b1111 
Test result differs at line 443, signal ao[2] = 1
Test result differs at line 443, signal ao[3] = 1
Test result differs at line 444, signal ao[0] = 1
Test result differs at line 444, signal ao[1] = 1
Test result differs at line 444, signal ao[3] = 1
Test result differs at line 444, signal ao[2] = 1
Test result differs at line 445, signal ao[1] = 1
Test result differs at line 445, signal clk = 1
Test result differs at line 445, signal ce = 1
Test result differs at line 445, signal sr = 1
Test result differs at line 445, signal rs = 1
Test result differs at line 445, signal ao[0] = 1
Test result differs at line 446, signal clk = 1
Test result differs at line 446, signal ce = 1
Test result differs at line 446, signal sr = 1
Test result differs at line 446, signal rs = 1
Test result differs at line 447, signal ao[2] = 1
Test result differs at line 447, signal ('ai', 3, 0) = b1111 
Test result differs at line 448, signal ('ai', 3, 0) = b1111 
Test result differs at line 459, signal ao[2] = 1
Test result differs at line 459, signal ao[3] = 1
Test result differs at line 460, signal ao[0] = 1
Test result differs at line 460, signal ao[1] = 1
Test result differs at line 460, signal ao[3] = 1
Test result differs at line 460, signal ao[2] = 1
Test result differs at line 461, signal ao[1] = 1
Test result differs at line 461, signal clk = 1
Test result differs at line 461, signal ce = 1
Test result differs at line 461, signal sr = 1
Test result differs at line 461, signal rs = 1
Test result differs at line 461, signal ao[0] = 1
Test result differs at line 462, signal clk = 1
Test result differs at line 462, signal ce = 1
Test result differs at line 462, signal sr = 1
Test result differs at line 462, signal rs = 1
Test result differs at line 463, signal ao[2] = 1
Test result differs at line 463, signal ('ai', 3, 0) = b1111 
Test result differs at line 464, signal ('ai', 3, 0) = b1111 
Test result differs at line 475, signal ao[2] = 1
Test result differs at line 475, signal ao[3] = 1
Test result differs at line 476, signal ao[0] = 1
Test result differs at line 476, signal ao[1] = 1
Test result differs at line 476, signal ao[3] = 1
Test result differs at line 476, signal ao[2] = 1
Test result differs at line 477, signal ao[1] = 1
Test result differs at line 477, signal clk = 1
Test result differs at line 477, signal ce = 1
Test result differs at line 477, signal sr = 1
Test result differs at line 477, signal rs = 1
Test result differs at line 477, signal ao[0] = 1
Test result differs at line 478, signal clk = 1
Test result differs at line 478, signal ce = 1
Test result differs at line 478, signal sr = 1
Test result differs at line 478, signal rs = 1
Test result differs at line 479, signal ao[2] = 1
Test result differs at line 479, signal ('ai', 3, 0) = b1111 
Test result differs at line 480, signal ('ai', 3, 0) = b1111 
Test result differs at line 491, signal ao[2] = 1
Test result differs at line 491, signal ao[3] = 1
Test result differs at line 492, signal ao[0] = 1
Test result differs at line 492, signal ao[1] = 1
Test result differs at line 492, signal ao[3] = 1
Test result differs at line 492, signal ao[2] = 1
Test result differs at line 493, signal ao[1] = 1
Test result differs at line 493, signal clk = 1
Test result differs at line 493, signal ce = 1
Test result differs at line 493, signal sr = 1
Test result differs at line 493, signal rs = 1
Test result differs at line 493, signal ao[0] = 1
Test result differs at line 494, signal clk = 1
Test result differs at line 494, signal ce = 1
Test result differs at line 494, signal sr = 1
Test result differs at line 494, signal rs = 1
Test result differs at line 495, signal ao[2] = 1
Test result differs at line 495, signal ('ai', 3, 0) = b1111 
Test result differs at line 496, signal ('ai', 3, 0) = b1111 
Test result differs at line 507, signal ao[2] = 1
Test result differs at line 507, signal ao[3] = 1
Test result differs at line 508, signal ao[0] = 1
Test result differs at line 508, signal ao[1] = 1
Test result differs at line 508, signal ao[3] = 1
Test result differs at line 508, signal ao[2] = 1
Test result differs at line 509, signal ao[1] = 1
Test result differs at line 509, signal clk = 1
Test result differs at line 509, signal ce = 1
Test result differs at line 509, signal sr = 1
Test result differs at line 509, signal rs = 1
Test result differs at line 509, signal ao[0] = 1
Test result differs at line 510, signal clk = 1
Test result differs at line 510, signal ce = 1
Test result differs at line 510, signal sr = 1
Test result differs at line 510, signal rs = 1
Test result differs at line 511, signal ao[2] = 1
Test result differs at line 511, signal ('ai', 3, 0) = b1111 
Test result differs at line 512, signal ('ai', 3, 0) = b1111 
Test result differs at line 523, signal ao[2] = 1
Test result differs at line 523, signal ao[3] = 1
Test result differs at line 524, signal ao[0] = 1
Test result differs at line 524, signal ao[1] = 1
Test result differs at line 524, signal ao[3] = 1
Test result differs at line 524, signal ao[2] = 1
Test result differs at line 525, signal ao[1] = 1
Test result differs at line 525, signal clk = 1
Test result differs at line 525, signal ce = 1
Test result differs at line 525, signal sr = 1
Test result differs at line 525, signal rs = 1
Test result differs at line 525, signal ao[0] = 1
Test result differs at line 526, signal clk = 1
Test result differs at line 526, signal ce = 1
Test result differs at line 526, signal sr = 1
Test result differs at line 526, signal rs = 1
Test result differs at line 527, signal ao[2] = 1
Test result differs at line 527, signal ('ai', 3, 0) = b1111 
Test result differs at line 528, signal ('ai', 3, 0) = b1111 
Test result differs at line 539, signal ao[2] = 1
Test result differs at line 539, signal ao[3] = 1
Test result differs at line 540, signal ao[0] = 1
Test result differs at line 540, signal ao[1] = 1
Test result differs at line 540, signal ao[3] = 1
Test result differs at line 540, signal ao[2] = 1
Test result differs at line 541, signal ao[1] = 1
Test result differs at line 541, signal clk = 1
Test result differs at line 541, signal ce = 1
Test result differs at line 541, signal sr = 1
Test result differs at line 541, signal rs = 1
Test result differs at line 541, signal ao[0] = 1
Test result differs at line 542, signal clk = 1
Test result differs at line 542, signal ce = 1
Test result differs at line 542, signal sr = 1
Test result differs at line 542, signal rs = 1
Test result differs at line 543, signal ao[2] = 1
Test result differs at line 543, signal ('ai', 3, 0) = b1111 
Test result differs at line 544, signal ('ai', 3, 0) = b1111 
Test result differs at line 555, signal ao[2] = 1
Test result differs at line 555, signal ao[3] = 1
Test result differs at line 556, signal ao[0] = 1
Test result differs at line 556, signal ao[1] = 1
Test result differs at line 556, signal ao[3] = 1
Test result differs at line 556, signal ao[2] = 1
Test result differs at line 557, signal ao[1] = 1
Test result differs at line 557, signal clk = 1
Test result differs at line 557, signal ce = 1
Test result differs at line 557, signal sr = 1
Test result differs at line 557, signal rs = 1
Test result differs at line 557, signal ao[0] = 1
Test result differs at line 558, signal clk = 1
Test result differs at line 558, signal ce = 1
Test result differs at line 558, signal sr = 1
Test result differs at line 558, signal rs = 1
Test result differs at line 559, signal ao[2] = 1
Test result differs at line 559, signal ('ai', 3, 0) = b1111 
Test result differs at line 560, signal ('ai', 3, 0) = b1111 
Test result differs at line 571, signal ao[2] = 1
Test result differs at line 571, signal ao[3] = 1
Test result differs at line 572, signal ao[0] = 1
Test result differs at line 572, signal ao[1] = 1
Test result differs at line 572, signal ao[3] = 1
Test result differs at line 572, signal ao[2] = 1
Test result differs at line 573, signal ao[1] = 1
Test result differs at line 573, signal clk = 1
Test result differs at line 573, signal ce = 1
Test result differs at line 573, signal sr = 1
Test result differs at line 573, signal rs = 1
Test result differs at line 573, signal ao[0] = 1
Test result differs at line 574, signal clk = 1
Test result differs at line 574, signal ce = 1
Test result differs at line 574, signal sr = 1
Test result differs at line 574, signal rs = 1
Test result differs at line 575, signal ('ai', 3, 0) = b1111 
Test result differs at line 576, signal ('ai', 3, 0) = b1111 
Test result differs at line 587, signal ao[2] = 1
Test result differs at line 587, signal ao[3] = 1
Test result differs at line 588, signal ao[0] = 1
Test result differs at line 588, signal ao[1] = 1
Test result differs at line 588, signal ao[3] = 1
Test result differs at line 588, signal ao[2] = 1
Test result differs at line 589, signal ao[1] = 1
Test result differs at line 589, signal clk = 1
Test result differs at line 589, signal ce = 1
Test result differs at line 589, signal sr = 1
Test result differs at line 589, signal rs = 1
Test result differs at line 589, signal ao[0] = 1
Test result differs at line 590, signal clk = 1
Test result differs at line 590, signal ce = 1
Test result differs at line 590, signal sr = 1
Test result differs at line 590, signal rs = 1
Test result differs at line 591, signal ao[2] = 1
Test result differs at line 591, signal ('ai', 3, 0) = b1111 
Test result differs at line 592, signal ('ai', 3, 0) = b1111 
Test result differs at line 603, signal ao[2] = 1
Test result differs at line 603, signal ao[3] = 1
Test result differs at line 604, signal ao[0] = 1
Test result differs at line 604, signal ao[1] = 1
Test result differs at line 604, signal ao[3] = 1
Test result differs at line 604, signal ao[2] = 1
Test result differs at line 605, signal ao[1] = 1
Test result differs at line 605, signal clk = 1
Test result differs at line 605, signal ce = 1
Test result differs at line 605, signal sr = 1
Test result differs at line 605, signal rs = 1
Test result differs at line 605, signal ao[0] = 1
Test result differs at line 606, signal clk = 1
Test result differs at line 606, signal ce = 1
Test result differs at line 606, signal sr = 1
Test result differs at line 606, signal rs = 1
Test result differs at line 607, signal ('ai', 3, 0) = b1111 
Test result differs at line 608, signal ('ai', 3, 0) = b1111 
Test result differs at line 619, signal ao[2] = 1
Test result differs at line 619, signal ao[3] = 1
Test result differs at line 620, signal ao[0] = 1
Test result differs at line 620, signal ao[1] = 1
Test result differs at line 620, signal ao[3] = 1
Test result differs at line 620, signal ao[2] = 1
Test result differs at line 621, signal ao[1] = 1
Test result differs at line 621, signal clk = 1
Test result differs at line 621, signal ce = 1
Test result differs at line 621, signal sr = 1
Test result differs at line 621, signal rs = 1
Test result differs at line 621, signal ao[0] = 1
Test result differs at line 622, signal clk = 1
Test result differs at line 622, signal ce = 1
Test result differs at line 622, signal sr = 1
Test result differs at line 622, signal rs = 1
Test result differs at line 623, signal ('ai', 3, 0) = b1111 
Test result differs at line 624, signal ('ai', 3, 0) = b1111 
Test result differs at line 635, signal ao[2] = 1
Test result differs at line 635, signal ao[3] = 1
Test result differs at line 636, signal ao[0] = 1
Test result differs at line 636, signal ao[1] = 1
Test result differs at line 636, signal ao[3] = 1
Test result differs at line 636, signal ao[2] = 1
Test result differs at line 637, signal ao[1] = 1
Test result differs at line 637, signal clk = 1
Test result differs at line 637, signal ce = 1
Test result differs at line 637, signal sr = 1
Test result differs at line 637, signal rs = 1
Test result differs at line 637, signal ao[0] = 1
Test result differs at line 638, signal clk = 1
Test result differs at line 638, signal ce = 1
Test result differs at line 638, signal sr = 1
Test result differs at line 638, signal rs = 1
Test result differs at line 639, signal ('ai', 3, 0) = b1111 
Test result differs at line 640, signal ('ai', 3, 0) = b1111 
Test result differs at line 651, signal ao[2] = 1
Test result differs at line 651, signal ao[3] = 1
Test result differs at line 652, signal ao[0] = 1
Test result differs at line 652, signal ao[1] = 1
Test result differs at line 652, signal ao[3] = 1
Test result differs at line 652, signal ao[2] = 1
Test result differs at line 653, signal ao[1] = 1
Test result differs at line 653, signal clk = 1
Test result differs at line 653, signal ce = 1
Test result differs at line 653, signal sr = 1
Test result differs at line 653, signal rs = 1
Test result differs at line 653, signal ao[0] = 1
Test result differs at line 654, signal clk = 1
Test result differs at line 654, signal ce = 1
Test result differs at line 654, signal sr = 1
Test result differs at line 654, signal rs = 1
Test result differs at line 655, signal ('ai', 3, 0) = b1111 
Test result differs at line 656, signal ('ai', 3, 0) = b1111 
Test result differs at line 667, signal ao[2] = 1
Test result differs at line 667, signal ao[3] = 1
Test result differs at line 668, signal ao[0] = 1
Test result differs at line 668, signal ao[1] = 1
Test result differs at line 668, signal ao[3] = 1
Test result differs at line 668, signal ao[2] = 1
Test result differs at line 669, signal ao[1] = 1
Test result differs at line 669, signal clk = 1
Test result differs at line 669, signal ce = 1
Test result differs at line 669, signal sr = 1
Test result differs at line 669, signal rs = 1
Test result differs at line 669, signal ao[0] = 1
Test result differs at line 670, signal clk = 1
Test result differs at line 670, signal ce = 1
Test result differs at line 670, signal sr = 1
Test result differs at line 670, signal rs = 1
Test result differs at line 671, signal ('ai', 3, 0) = b1111 
Test result differs at line 672, signal ('ai', 3, 0) = b1111 
Test result differs at line 683, signal ao[2] = 1
Test result differs at line 683, signal ao[3] = 1
Test result differs at line 684, signal ao[0] = 1
Test result differs at line 684, signal ao[1] = 1
Test result differs at line 684, signal ao[3] = 1
Test result differs at line 684, signal ao[2] = 1
Test result differs at line 685, signal ao[1] = 1
Test result differs at line 685, signal clk = 1
Test result differs at line 685, signal ce = 1
Test result differs at line 685, signal sr = 1
Test result differs at line 685, signal rs = 1
Test result differs at line 685, signal ao[0] = 1
Test result differs at line 686, signal clk = 1
Test result differs at line 686, signal ce = 1
Test result differs at line 686, signal sr = 1
Test result differs at line 686, signal rs = 1
Test result differs at line 687, signal ('ai', 3, 0) = b1111 
Test result differs at line 688, signal ('ai', 3, 0) = b1111 
Test result differs at line 699, signal ao[2] = 1
Test result differs at line 699, signal ao[3] = 1
Test result differs at line 700, signal ao[0] = 1
Test result differs at line 700, signal ao[1] = 1
Test result differs at line 700, signal ao[3] = 1
Test result differs at line 700, signal ao[2] = 1
Test result differs at line 701, signal ao[1] = 1
Test result differs at line 701, signal clk = 1
Test result differs at line 701, signal ce = 1
Test result differs at line 701, signal sr = 1
Test result differs at line 701, signal rs = 1
Test result differs at line 701, signal ao[0] = 1
Test result differs at line 702, signal clk = 1
Test result differs at line 702, signal ce = 1
Test result differs at line 702, signal sr = 1
Test result differs at line 702, signal rs = 1
Test result differs at line 703, signal ('ai', 3, 0) = b1111 
Test result differs at line 704, signal ('ai', 3, 0) = b1111 
Test result differs at line 715, signal ao[2] = 1
Test result differs at line 715, signal ao[3] = 1
Test result differs at line 716, signal ao[0] = 1
Test result differs at line 716, signal ao[1] = 1
Test result differs at line 716, signal ao[3] = 1
Test result differs at line 716, signal ao[2] = 1
Test result differs at line 717, signal ao[1] = 1
Test result differs at line 717, signal clk = 1
Test result differs at line 717, signal ce = 1
Test result differs at line 717, signal sr = 1
Test result differs at line 717, signal rs = 1
Test result differs at line 717, signal ao[0] = 1
Test result differs at line 718, signal clk = 1
Test result differs at line 718, signal ce = 1
Test result differs at line 718, signal sr = 1
Test result differs at line 718, signal rs = 1
Test result differs at line 719, signal ('ai', 3, 0) = b1111 
Test result differs at line 720, signal ('ai', 3, 0) = b1111 
Test result differs at line 731, signal ao[2] = 1
Test result differs at line 731, signal ao[3] = 1
Test result differs at line 732, signal ao[0] = 1
Test result differs at line 732, signal ao[1] = 1
Test result differs at line 732, signal ao[3] = 1
Test result differs at line 732, signal ao[2] = 1
Test result differs at line 733, signal ao[1] = 1
Test result differs at line 733, signal clk = 1
Test result differs at line 733, signal ce = 1
Test result differs at line 733, signal sr = 1
Test result differs at line 733, signal rs = 1
Test result differs at line 733, signal ao[0] = 1
Test result differs at line 734, signal clk = 1
Test result differs at line 734, signal ce = 1
Test result differs at line 734, signal sr = 1
Test result differs at line 734, signal rs = 1
Test result differs at line 735, signal ('ai', 3, 0) = b1111 
Test result differs at line 736, signal ('ai', 3, 0) = b1111 
Test result differs at line 747, signal ao[2] = 1
Test result differs at line 747, signal ao[3] = 1
Test result differs at line 748, signal ao[0] = 1
Test result differs at line 748, signal ao[1] = 1
Test result differs at line 748, signal ao[3] = 1
Test result differs at line 748, signal ao[2] = 1
Test result differs at line 749, signal ao[1] = 1
Test result differs at line 749, signal clk = 1
Test result differs at line 749, signal ce = 1
Test result differs at line 749, signal sr = 1
Test result differs at line 749, signal rs = 1
Test result differs at line 749, signal ao[0] = 1
Test result differs at line 750, signal clk = 1
Test result differs at line 750, signal ce = 1
Test result differs at line 750, signal sr = 1
Test result differs at line 750, signal rs = 1
Test result differs at line 751, signal ('ai', 3, 0) = b1111 
Test result differs at line 752, signal ('ai', 3, 0) = b1111 
Test result differs at line 763, signal ao[2] = 1
Test result differs at line 763, signal ao[3] = 1
Test result differs at line 764, signal ao[0] = 1
Test result differs at line 764, signal ao[1] = 1
Test result differs at line 764, signal ao[3] = 1
Test result differs at line 764, signal ao[2] = 1
Test result differs at line 765, signal ao[1] = 1
Test result differs at line 765, signal clk = 1
Test result differs at line 765, signal ce = 1
Test result differs at line 765, signal sr = 1
Test result differs at line 765, signal rs = 1
Test result differs at line 765, signal ao[0] = 1
Test result differs at line 766, signal clk = 1
Test result differs at line 766, signal ce = 1
Test result differs at line 766, signal sr = 1
Test result differs at line 766, signal rs = 1
Test result differs at line 767, signal ('ai', 3, 0) = b1111 
Test result differs at line 768, signal ('ai', 3, 0) = b1111 
Test result differs at line 779, signal ao[2] = 1
Test result differs at line 779, signal ao[3] = 1
Test result differs at line 780, signal ao[0] = 1
Test result differs at line 780, signal ao[1] = 1
Test result differs at line 780, signal ao[3] = 1
Test result differs at line 780, signal ao[2] = 1
Test result differs at line 781, signal ao[1] = 1
Test result differs at line 781, signal clk = 1
Test result differs at line 781, signal ce = 1
Test result differs at line 781, signal sr = 1
Test result differs at line 781, signal rs = 1
Test result differs at line 781, signal ao[0] = 1
Test result differs at line 782, signal clk = 1
Test result differs at line 782, signal ce = 1
Test result differs at line 782, signal sr = 1
Test result differs at line 782, signal rs = 1
Test result differs at line 783, signal ('ai', 3, 0) = b1111 
Test result differs at line 784, signal ('ai', 3, 0) = b1111 
Test result differs at line 795, signal ao[2] = 1
Test result differs at line 795, signal ao[3] = 1
Test result differs at line 796, signal ao[0] = 1
Test result differs at line 796, signal ao[1] = 1
Test result differs at line 796, signal ao[3] = 1
Test result differs at line 796, signal ao[2] = 1
Test result differs at line 797, signal ao[1] = 1
Test result differs at line 797, signal clk = 1
Test result differs at line 797, signal ce = 1
Test result differs at line 797, signal sr = 1
Test result differs at line 797, signal rs = 1
Test result differs at line 797, signal ao[0] = 1
Test result differs at line 798, signal clk = 1
Test result differs at line 798, signal ce = 1
Test result differs at line 798, signal sr = 1
Test result differs at line 798, signal rs = 1
Test result differs at line 799, signal ('ai', 3, 0) = b1111 
Test result differs at line 800, signal ('ai', 3, 0) = b1111 
Test result differs at line 811, signal ao[2] = 1
Test result differs at line 811, signal ao[3] = 1
Test result differs at line 812, signal ao[0] = 1
Test result differs at line 812, signal ao[1] = 1
Test result differs at line 812, signal ao[3] = 1
Test result differs at line 812, signal ao[2] = 1
Test result differs at line 813, signal ao[1] = 1
Test result differs at line 813, signal clk = 1
Test result differs at line 813, signal ce = 1
Test result differs at line 813, signal sr = 1
Test result differs at line 813, signal rs = 1
Test result differs at line 813, signal ao[0] = 1
Test result differs at line 814, signal clk = 1
Test result differs at line 814, signal ce = 1
Test result differs at line 814, signal sr = 1
Test result differs at line 814, signal rs = 1
Test result differs at line 815, signal ('ai', 3, 0) = b1111 
Test result differs at line 816, signal ('ai', 3, 0) = b1111 
Test result differs at line 827, signal ao[2] = 1
Test result differs at line 827, signal ao[3] = 1
Test result differs at line 828, signal ao[0] = 1
Test result differs at line 828, signal ao[1] = 1
Test result differs at line 828, signal ao[3] = 1
Test result differs at line 828, signal ao[2] = 1
Test result differs at line 829, signal ao[1] = 1
Test result differs at line 829, signal clk = 1
Test result differs at line 829, signal ce = 1
Test result differs at line 829, signal sr = 1
Test result differs at line 829, signal rs = 1
Test result differs at line 829, signal ao[0] = 1
Test result differs at line 830, signal clk = 1
Test result differs at line 830, signal ce = 1
Test result differs at line 830, signal sr = 1
Test result differs at line 830, signal rs = 1
Test result differs at line 831, signal ('ai', 3, 0) = b1111 
Test result differs at line 832, signal ('ai', 3, 0) = b1111 
Test result differs at line 843, signal ao[2] = 1
Test result differs at line 843, signal ao[3] = 1
Test result differs at line 844, signal ao[0] = 1
Test result differs at line 844, signal ao[1] = 1
Test result differs at line 844, signal ao[3] = 1
Test result differs at line 844, signal ao[2] = 1
Test result differs at line 845, signal ao[1] = 1
Test result differs at line 845, signal clk = 1
Test result differs at line 845, signal ce = 1
Test result differs at line 845, signal sr = 1
Test result differs at line 845, signal rs = 1
Test result differs at line 845, signal ao[0] = 1
Test result differs at line 846, signal clk = 1
Test result differs at line 846, signal ce = 1
Test result differs at line 846, signal sr = 1
Test result differs at line 846, signal rs = 1
Test result differs at line 847, signal ('ai', 3, 0) = b1111 
Test result differs at line 848, signal ('ai', 3, 0) = b1111 
Test result differs at line 859, signal ao[2] = 1
Test result differs at line 859, signal ao[3] = 1
Test result differs at line 860, signal ao[0] = 1
Test result differs at line 860, signal ao[1] = 1
Test result differs at line 860, signal ao[3] = 1
Test result differs at line 860, signal ao[2] = 1
Test result differs at line 861, signal ao[1] = 1
Test result differs at line 861, signal clk = 1
Test result differs at line 861, signal ce = 1
Test result differs at line 861, signal sr = 1
Test result differs at line 861, signal rs = 1
Test result differs at line 861, signal ao[0] = 1
Test result differs at line 862, signal clk = 1
Test result differs at line 862, signal ce = 1
Test result differs at line 862, signal sr = 1
Test result differs at line 862, signal rs = 1
Test result differs at line 863, signal ('ai', 3, 0) = b1111 
Test result differs at line 864, signal ('ai', 3, 0) = b1111 
Test result differs at line 875, signal ao[2] = 1
Test result differs at line 875, signal ao[3] = 1
Test result differs at line 876, signal ao[0] = 1
Test result differs at line 876, signal ao[1] = 1
Test result differs at line 876, signal ao[3] = 1
Test result differs at line 876, signal ao[2] = 1
Test result differs at line 877, signal ao[1] = 1
Test result differs at line 877, signal clk = 1
Test result differs at line 877, signal ce = 1
Test result differs at line 877, signal sr = 1
Test result differs at line 877, signal rs = 1
Test result differs at line 877, signal ao[0] = 1
Test result differs at line 878, signal clk = 1
Test result differs at line 878, signal ce = 1
Test result differs at line 878, signal sr = 1
Test result differs at line 878, signal rs = 1
Test result differs at line 879, signal ('ai', 3, 0) = b1111 
Test result differs at line 880, signal ('ai', 3, 0) = b1111 
Test result differs at line 891, signal ao[2] = 1
Test result differs at line 891, signal ao[3] = 1
Test result differs at line 892, signal ao[0] = 1
Test result differs at line 892, signal ao[1] = 1
Test result differs at line 892, signal ao[3] = 1
Test result differs at line 892, signal ao[2] = 1
Test result differs at line 893, signal ao[1] = 1
Test result differs at line 893, signal clk = 1
Test result differs at line 893, signal ce = 1
Test result differs at line 893, signal sr = 1
Test result differs at line 893, signal rs = 1
Test result differs at line 893, signal ao[0] = 1
Test result differs at line 894, signal clk = 1
Test result differs at line 894, signal ce = 1
Test result differs at line 894, signal sr = 1
Test result differs at line 894, signal rs = 1
Test result differs at line 895, signal ('ai', 3, 0) = b1111 
Test result differs at line 896, signal ('ai', 3, 0) = b1111 
Test result differs at line 907, signal ao[2] = 1
Test result differs at line 907, signal ao[3] = 1
Test result differs at line 908, signal ao[0] = 1
Test result differs at line 908, signal ao[1] = 1
Test result differs at line 908, signal ao[3] = 1
Test result differs at line 908, signal ao[2] = 1
Test result differs at line 909, signal ao[1] = 1
Test result differs at line 909, signal clk = 1
Test result differs at line 909, signal ce = 1
Test result differs at line 909, signal sr = 1
Test result differs at line 909, signal rs = 1
Test result differs at line 909, signal ao[0] = 1
Test result differs at line 910, signal clk = 1
Test result differs at line 910, signal ce = 1
Test result differs at line 910, signal sr = 1
Test result differs at line 910, signal rs = 1
Test result differs at line 911, signal ('ai', 3, 0) = b1111 
Test result differs at line 912, signal ('ai', 3, 0) = b1111 
Test result differs at line 923, signal ao[2] = 1
Test result differs at line 923, signal ao[3] = 1
Test result differs at line 924, signal ao[0] = 1
Test result differs at line 924, signal ao[1] = 1
Test result differs at line 924, signal ao[3] = 1
Test result differs at line 924, signal ao[2] = 1
Test result differs at line 925, signal ao[1] = 1
Test result differs at line 925, signal clk = 1
Test result differs at line 925, signal ce = 1
Test result differs at line 925, signal sr = 1
Test result differs at line 925, signal rs = 1
Test result differs at line 925, signal ao[0] = 1
Test result differs at line 926, signal clk = 1
Test result differs at line 926, signal ce = 1
Test result differs at line 926, signal sr = 1
Test result differs at line 926, signal rs = 1
Test result differs at line 927, signal ('ai', 3, 0) = b1111 
Test result differs at line 928, signal ('ai', 3, 0) = b1111 
Test result differs at line 939, signal ao[2] = 1
Test result differs at line 939, signal ao[3] = 1
Test result differs at line 940, signal ao[0] = 1
Test result differs at line 940, signal ao[1] = 1
Test result differs at line 940, signal ao[3] = 1
Test result differs at line 940, signal ao[2] = 1
Test result differs at line 941, signal ao[1] = 1
Test result differs at line 941, signal clk = 1
Test result differs at line 941, signal ce = 1
Test result differs at line 941, signal sr = 1
Test result differs at line 941, signal rs = 1
Test result differs at line 941, signal ao[0] = 1
Test result differs at line 942, signal clk = 1
Test result differs at line 942, signal ce = 1
Test result differs at line 942, signal sr = 1
Test result differs at line 942, signal rs = 1
Test result differs at line 943, signal ('ai', 3, 0) = b1111 
Test result differs at line 944, signal ('ai', 3, 0) = b1111 
Test result differs at line 955, signal ao[2] = 1
Test result differs at line 955, signal ao[3] = 1
Test result differs at line 956, signal ao[0] = 1
Test result differs at line 956, signal ao[1] = 1
Test result differs at line 956, signal ao[3] = 1
Test result differs at line 956, signal ao[2] = 1
Test result differs at line 957, signal ao[1] = 1
Test result differs at line 957, signal clk = 1
Test result differs at line 957, signal ce = 1
Test result differs at line 957, signal sr = 1
Test result differs at line 957, signal rs = 1
Test result differs at line 957, signal ao[0] = 1
Test result differs at line 958, signal clk = 1
Test result differs at line 958, signal ce = 1
Test result differs at line 958, signal sr = 1
Test result differs at line 958, signal rs = 1
Test result differs at line 959, signal ('ai', 3, 0) = b1111 
Test result differs at line 960, signal ('ai', 3, 0) = b1111 
Test result differs at line 971, signal ao[2] = 1
Test result differs at line 971, signal ao[3] = 1
Test result differs at line 972, signal ao[0] = 1
Test result differs at line 972, signal ao[1] = 1
Test result differs at line 972, signal ao[3] = 1
Test result differs at line 972, signal ao[2] = 1
Test result differs at line 973, signal ao[1] = 1
Test result differs at line 973, signal clk = 1
Test result differs at line 973, signal ce = 1
Test result differs at line 973, signal sr = 1
Test result differs at line 973, signal rs = 1
Test result differs at line 973, signal ao[0] = 1
Test result differs at line 974, signal clk = 1
Test result differs at line 974, signal ce = 1
Test result differs at line 974, signal sr = 1
Test result differs at line 974, signal rs = 1
Test result differs at line 975, signal ('ai', 3, 0) = b1111 
Test result differs at line 976, signal ('ai', 3, 0) = b1111 
Test result differs at line 987, signal ao[2] = 1
Test result differs at line 987, signal ao[3] = 1
Test result differs at line 988, signal ao[0] = 1
Test result differs at line 988, signal ao[1] = 1
Test result differs at line 988, signal ao[3] = 1
Test result differs at line 988, signal ao[2] = 1
Test result differs at line 989, signal ao[1] = 1
Test result differs at line 989, signal clk = 1
Test result differs at line 989, signal ce = 1
Test result differs at line 989, signal sr = 1
Test result differs at line 989, signal rs = 1
Test result differs at line 989, signal ao[0] = 1
Test result differs at line 990, signal clk = 1
Test result differs at line 990, signal ce = 1
Test result differs at line 990, signal sr = 1
Test result differs at line 990, signal rs = 1
Test result differs at line 991, signal ('ai', 3, 0) = b1111 
Test result differs at line 992, signal ('ai', 3, 0) = b1111 
Test result differs at line 1003, signal ao[2] = 1
Test result differs at line 1003, signal ao[3] = 1
Test result differs at line 1004, signal ao[0] = 1
Test result differs at line 1004, signal ao[1] = 1
Test result differs at line 1004, signal ao[3] = 1
Test result differs at line 1004, signal ao[2] = 1
Test result differs at line 1005, signal ao[1] = 1
Test result differs at line 1005, signal clk = 1
Test result differs at line 1005, signal ce = 1
Test result differs at line 1005, signal sr = 1
Test result differs at line 1005, signal rs = 1
Test result differs at line 1005, signal ao[0] = 1
Test result differs at line 1006, signal clk = 1
Test result differs at line 1006, signal ce = 1
Test result differs at line 1006, signal sr = 1
Test result differs at line 1006, signal rs = 1
Test result differs at line 1007, signal ('ai', 3, 0) = b1111 
Test result differs at line 1008, signal ('ai', 3, 0) = b1111 
Test result differs at line 1019, signal ao[2] = 1
Test result differs at line 1019, signal ao[3] = 1
Test result differs at line 1020, signal ao[0] = 1
Test result differs at line 1020, signal ao[1] = 1
Test result differs at line 1020, signal ao[3] = 1
Test result differs at line 1020, signal ao[2] = 1
Test result differs at line 1021, signal ao[1] = 1
Test result differs at line 1021, signal clk = 1
Test result differs at line 1021, signal ce = 1
Test result differs at line 1021, signal sr = 1
Test result differs at line 1021, signal rs = 1
Test result differs at line 1021, signal ao[0] = 1
Test result differs at line 1022, signal clk = 1
Test result differs at line 1022, signal ce = 1
Test result differs at line 1022, signal sr = 1
Test result differs at line 1022, signal rs = 1
Test result differs at line 1023, signal ('ai', 3, 0) = b1111 
Test result differs at line 1024, signal ('ai', 3, 0) = b1111 
Test result differs at line 1035, signal ao[2] = 1
Test result differs at line 1035, signal ao[3] = 1
Test result differs at line 1036, signal ao[0] = 1
Test result differs at line 1036, signal ao[1] = 1
Test result differs at line 1036, signal ao[3] = 1
Test result differs at line 1036, signal ao[2] = 1
Test result differs at line 1037, signal ao[1] = 1
Test result differs at line 1037, signal clk = 1
Test result differs at line 1037, signal ce = 1
Test result differs at line 1037, signal sr = 1
Test result differs at line 1037, signal rs = 1
Test result differs at line 1037, signal ao[0] = 1
Test result differs at line 1038, signal clk = 1
Test result differs at line 1038, signal ce = 1
Test result differs at line 1038, signal sr = 1
Test result differs at line 1038, signal rs = 1
Test result differs at line 1039, signal ('ai', 3, 0) = b1111 
Test result differs at line 1040, signal ('ai', 3, 0) = b1111 
Test result differs at line 1051, signal ao[2] = 1
Test result differs at line 1051, signal ao[3] = 1
Test result differs at line 1052, signal ao[0] = 1
Test result differs at line 1052, signal ao[1] = 1
Test result differs at line 1052, signal ao[3] = 1
Test result differs at line 1052, signal ao[2] = 1
Test result differs at line 1053, signal ao[1] = 1
Test result differs at line 1053, signal clk = 1
Test result differs at line 1053, signal ce = 1
Test result differs at line 1053, signal sr = 1
Test result differs at line 1053, signal rs = 1
Test result differs at line 1053, signal ao[0] = 1
Test result differs at line 1054, signal clk = 1
Test result differs at line 1054, signal ce = 1
Test result differs at line 1054, signal sr = 1
Test result differs at line 1054, signal rs = 1
Test result differs at line 1055, signal ('ai', 3, 0) = b1111 
Test result differs at line 1056, signal ('ai', 3, 0) = b1111 
Test result differs at line 1067, signal ao[2] = 1
Test result differs at line 1067, signal ao[3] = 1
Test result differs at line 1068, signal ao[0] = 1
Test result differs at line 1068, signal ao[1] = 1
Test result differs at line 1068, signal ao[3] = 1
Test result differs at line 1068, signal ao[2] = 1
Test result differs at line 1069, signal ao[1] = 1
Test result differs at line 1069, signal clk = 1
Test result differs at line 1069, signal ce = 1
Test result differs at line 1069, signal sr = 1
Test result differs at line 1069, signal rs = 1
Test result differs at line 1069, signal ao[0] = 1
Test result differs at line 1070, signal clk = 1
Test result differs at line 1070, signal ce = 1
Test result differs at line 1070, signal sr = 1
Test result differs at line 1070, signal rs = 1
Test result differs at line 1071, signal ('ai', 3, 0) = b1111 
Test result differs at line 1072, signal ('ai', 3, 0) = b1111 
Test result differs at line 1083, signal ao[2] = 1
Test result differs at line 1083, signal ao[3] = 1
Test result differs at line 1084, signal ao[0] = 1
Test result differs at line 1084, signal ao[1] = 1
Test result differs at line 1084, signal ao[3] = 1
Test result differs at line 1084, signal ao[2] = 1
Test result differs at line 1085, signal ao[1] = 1
Test result differs at line 1085, signal clk = 1
Test result differs at line 1085, signal ce = 1
Test result differs at line 1085, signal sr = 1
Test result differs at line 1085, signal rs = 1
Test result differs at line 1085, signal ao[0] = 1
Test result differs at line 1086, signal clk = 1
Test result differs at line 1086, signal ce = 1
Test result differs at line 1086, signal sr = 1
Test result differs at line 1086, signal rs = 1
Test result differs at line 1087, signal ('ai', 3, 0) = b1111 
Test result differs at line 1088, signal ('ai', 3, 0) = b1111 
Test result differs at line 1099, signal ao[2] = 1
Test result differs at line 1099, signal ao[3] = 1
Test result differs at line 1100, signal ao[0] = 1
Test result differs at line 1100, signal ao[1] = 1
Test result differs at line 1100, signal ao[3] = 1
Test result differs at line 1100, signal ao[2] = 1
Test result differs at line 1101, signal ao[1] = 1
Test result differs at line 1101, signal clk = 1
Test result differs at line 1101, signal ce = 1
Test result differs at line 1101, signal sr = 1
Test result differs at line 1101, signal rs = 1
Test result differs at line 1101, signal ao[0] = 1
Test result differs at line 1102, signal clk = 1
Test result differs at line 1102, signal ce = 1
Test result differs at line 1102, signal sr = 1
Test result differs at line 1102, signal rs = 1
Test result differs at line 1103, signal ('ai', 3, 0) = b1111 
Test result differs at line 1104, signal ('ai', 3, 0) = b1111 
Test result differs at line 1115, signal ao[2] = 1
Test result differs at line 1115, signal ao[3] = 1
Test result differs at line 1116, signal ao[0] = 1
Test result differs at line 1116, signal ao[1] = 1
Test result differs at line 1116, signal ao[3] = 1
Test result differs at line 1116, signal ao[2] = 1
Test result differs at line 1117, signal ao[1] = 1
Test result differs at line 1117, signal clk = 1
Test result differs at line 1117, signal ce = 1
Test result differs at line 1117, signal sr = 1
Test result differs at line 1117, signal rs = 1
Test result differs at line 1117, signal ao[0] = 1
Test result differs at line 1118, signal clk = 1
Test result differs at line 1118, signal ce = 1
Test result differs at line 1118, signal sr = 1
Test result differs at line 1118, signal rs = 1
Test result differs at line 1119, signal ('ai', 3, 0) = b1111 
Test result differs at line 1120, signal ('ai', 3, 0) = b1111 
Test result differs at line 1131, signal ao[2] = 1
Test result differs at line 1131, signal ao[3] = 1
Test result differs at line 1132, signal ao[0] = 1
Test result differs at line 1132, signal ao[1] = 1
Test result differs at line 1132, signal ao[3] = 1
Test result differs at line 1132, signal ao[2] = 1
Test result differs at line 1133, signal ao[1] = 1
Test result differs at line 1133, signal clk = 1
Test result differs at line 1133, signal ce = 1
Test result differs at line 1133, signal sr = 1
Test result differs at line 1133, signal rs = 1
Test result differs at line 1133, signal ao[0] = 1
Test result differs at line 1134, signal clk = 1
Test result differs at line 1134, signal ce = 1
Test result differs at line 1134, signal sr = 1
Test result differs at line 1134, signal rs = 1
Test result differs at line 1135, signal ('ai', 3, 0) = b1111 
Test result differs at line 1136, signal ('ai', 3, 0) = b1111 
Test result differs at line 1147, signal ao[2] = 1
Test result differs at line 1147, signal ao[3] = 1
Test result differs at line 1148, signal ao[0] = 1
Test result differs at line 1148, signal ao[1] = 1
Test result differs at line 1148, signal ao[3] = 1
Test result differs at line 1148, signal ao[2] = 1
Test result differs at line 1149, signal ao[1] = 1
Test result differs at line 1149, signal clk = 1
Test result differs at line 1149, signal ce = 1
Test result differs at line 1149, signal sr = 1
Test result differs at line 1149, signal rs = 1
Test result differs at line 1149, signal ao[0] = 1
Test result differs at line 1150, signal clk = 1
Test result differs at line 1150, signal ce = 1
Test result differs at line 1150, signal sr = 1
Test result differs at line 1150, signal rs = 1
Test result differs at line 1151, signal ('ai', 3, 0) = b1111 
Test result differs at line 1152, signal ('ai', 3, 0) = b1111 
Test result differs at line 1163, signal ao[2] = 1
Test result differs at line 1163, signal ao[3] = 1
Test result differs at line 1164, signal ao[0] = 1
Test result differs at line 1164, signal ao[1] = 1
Test result differs at line 1164, signal ao[3] = 1
Test result differs at line 1164, signal ao[2] = 1
Test result differs at line 1165, signal ao[1] = 1
Test result differs at line 1165, signal clk = 1
Test result differs at line 1165, signal ce = 1
Test result differs at line 1165, signal sr = 1
Test result differs at line 1165, signal rs = 1
Test result differs at line 1165, signal ao[0] = 1
Test result differs at line 1166, signal clk = 1
Test result differs at line 1166, signal ce = 1
Test result differs at line 1166, signal sr = 1
Test result differs at line 1166, signal rs = 1
Test result differs at line 1167, signal ('ai', 3, 0) = b1111 
Test result differs at line 1168, signal ('ai', 3, 0) = b1111 
Test result differs at line 1179, signal ao[2] = 1
Test result differs at line 1179, signal ao[3] = 1
Test result differs at line 1180, signal ao[0] = 1
Test result differs at line 1180, signal ao[1] = 1
Test result differs at line 1180, signal ao[3] = 1
Test result differs at line 1180, signal ao[2] = 1
Test result differs at line 1181, signal ao[1] = 1
Test result differs at line 1181, signal clk = 1
Test result differs at line 1181, signal ce = 1
Test result differs at line 1181, signal sr = 1
Test result differs at line 1181, signal rs = 1
Test result differs at line 1181, signal ao[0] = 1
Test result differs at line 1182, signal clk = 1
Test result differs at line 1182, signal ce = 1
Test result differs at line 1182, signal sr = 1
Test result differs at line 1182, signal rs = 1
Test result differs at line 1183, signal ('ai', 3, 0) = b1111 
Test result differs at line 1184, signal ('ai', 3, 0) = b1111 
Test result differs at line 1195, signal ao[2] = 1
Test result differs at line 1195, signal ao[3] = 1
Test result differs at line 1196, signal ao[0] = 1
Test result differs at line 1196, signal ao[1] = 1
Test result differs at line 1196, signal ao[3] = 1
Test result differs at line 1196, signal ao[2] = 1
Test result differs at line 1197, signal ao[1] = 1
Test result differs at line 1197, signal clk = 1
Test result differs at line 1197, signal ce = 1
Test result differs at line 1197, signal sr = 1
Test result differs at line 1197, signal rs = 1
Test result differs at line 1197, signal ao[0] = 1
Test result differs at line 1198, signal clk = 1
Test result differs at line 1198, signal ce = 1
Test result differs at line 1198, signal sr = 1
Test result differs at line 1198, signal rs = 1
Test result differs at line 1199, signal ('ai', 3, 0) = b1111 
Test result differs at line 1200, signal ('ai', 3, 0) = b1111 
Test result differs at line 1211, signal ao[2] = 1
Test result differs at line 1211, signal ao[3] = 1
Test result differs at line 1212, signal ao[0] = 1
Test result differs at line 1212, signal ao[1] = 1
Test result differs at line 1212, signal ao[3] = 1
Test result differs at line 1212, signal ao[2] = 1
Test result differs at line 1213, signal ao[1] = 1
Test result differs at line 1213, signal clk = 1
Test result differs at line 1213, signal ce = 1
Test result differs at line 1213, signal sr = 1
Test result differs at line 1213, signal rs = 1
Test result differs at line 1213, signal ao[0] = 1
Test result differs at line 1214, signal clk = 1
Test result differs at line 1214, signal ce = 1
Test result differs at line 1214, signal sr = 1
Test result differs at line 1214, signal rs = 1
Test result differs at line 1215, signal ('ai', 3, 0) = b1111 
Test result differs at line 1216, signal ('ai', 3, 0) = b1111 
Test result differs at line 1227, signal ao[2] = 1
Test result differs at line 1227, signal ao[3] = 1
Test result differs at line 1228, signal ao[0] = 1
Test result differs at line 1228, signal ao[1] = 1
Test result differs at line 1228, signal ao[3] = 1
Test result differs at line 1228, signal ao[2] = 1
Test result differs at line 1229, signal ao[1] = 1
Test result differs at line 1229, signal clk = 1
Test result differs at line 1229, signal ce = 1
Test result differs at line 1229, signal sr = 1
Test result differs at line 1229, signal rs = 1
Test result differs at line 1229, signal ao[0] = 1
Test result differs at line 1230, signal clk = 1
Test result differs at line 1230, signal ce = 1
Test result differs at line 1230, signal sr = 1
Test result differs at line 1230, signal rs = 1
Test result differs at line 1231, signal ('ai', 3, 0) = b1111 
Test result differs at line 1232, signal ('ai', 3, 0) = b1111 
Test result differs at line 1243, signal ao[2] = 1
Test result differs at line 1243, signal ao[3] = 1
Test result differs at line 1244, signal ao[0] = 1
Test result differs at line 1244, signal ao[1] = 1
Test result differs at line 1244, signal ao[3] = 1
Test result differs at line 1244, signal ao[2] = 1
Test result differs at line 1245, signal ao[1] = 1
Test result differs at line 1245, signal clk = 1
Test result differs at line 1245, signal ce = 1
Test result differs at line 1245, signal sr = 1
Test result differs at line 1245, signal rs = 1
Test result differs at line 1245, signal ao[0] = 1
Test result differs at line 1246, signal clk = 1
Test result differs at line 1246, signal ce = 1
Test result differs at line 1246, signal sr = 1
Test result differs at line 1246, signal rs = 1
Test result differs at line 1247, signal ('ai', 3, 0) = b1111 
Test result differs at line 1248, signal ('ai', 3, 0) = b1111 
Test result differs at line 1259, signal ao[2] = 1
Test result differs at line 1259, signal ao[3] = 1
Test result differs at line 1260, signal ao[0] = 1
Test result differs at line 1260, signal ao[1] = 1
Test result differs at line 1260, signal ao[3] = 1
Test result differs at line 1260, signal ao[2] = 1
Test result differs at line 1261, signal ao[1] = 1
Test result differs at line 1261, signal clk = 1
Test result differs at line 1261, signal ce = 1
Test result differs at line 1261, signal sr = 1
Test result differs at line 1261, signal rs = 1
Test result differs at line 1261, signal ao[0] = 1
Test result differs at line 1262, signal clk = 1
Test result differs at line 1262, signal ce = 1
Test result differs at line 1262, signal sr = 1
Test result differs at line 1262, signal rs = 1
Test result differs at line 1263, signal ('ai', 3, 0) = b1111 
Test result differs at line 1264, signal ('ai', 3, 0) = b1111 
Test result differs at line 1275, signal ao[2] = 1
Test result differs at line 1275, signal ao[3] = 1
Test result differs at line 1276, signal ao[0] = 1
Test result differs at line 1276, signal ao[1] = 1
Test result differs at line 1276, signal ao[3] = 1
Test result differs at line 1276, signal ao[2] = 1
Test result differs at line 1277, signal ao[1] = 1
Test result differs at line 1277, signal clk = 1
Test result differs at line 1277, signal ce = 1
Test result differs at line 1277, signal sr = 1
Test result differs at line 1277, signal rs = 1
Test result differs at line 1277, signal ao[0] = 1
Test result differs at line 1278, signal clk = 1
Test result differs at line 1278, signal ce = 1
Test result differs at line 1278, signal sr = 1
Test result differs at line 1278, signal rs = 1
Test result differs at line 1279, signal ('ai', 3, 0) = b1111 
Test result differs at line 1280, signal ('ai', 3, 0) = b1111 
Test result differs at line 1291, signal ao[2] = 1
Test result differs at line 1291, signal ao[3] = 1
Test result differs at line 1292, signal ao[0] = 1
Test result differs at line 1292, signal ao[1] = 1
Test result differs at line 1292, signal ao[3] = 1
Test result differs at line 1292, signal ao[2] = 1
Test result differs at line 1293, signal ao[1] = 1
Test result differs at line 1293, signal clk = 1
Test result differs at line 1293, signal ce = 1
Test result differs at line 1293, signal sr = 1
Test result differs at line 1293, signal rs = 1
Test result differs at line 1293, signal ao[0] = 1
Test result differs at line 1294, signal clk = 1
Test result differs at line 1294, signal ce = 1
Test result differs at line 1294, signal sr = 1
Test result differs at line 1294, signal rs = 1
Test result differs at line 1295, signal ('ai', 3, 0) = b1111 
Test result differs at line 1296, signal ('ai', 3, 0) = b1111 
Test result differs at line 1307, signal ao[2] = 1
Test result differs at line 1307, signal ao[3] = 1
Test result differs at line 1308, signal ao[0] = 1
Test result differs at line 1308, signal ao[1] = 1
Test result differs at line 1308, signal ao[3] = 1
Test result differs at line 1308, signal ao[2] = 1
Test result differs at line 1309, signal ao[1] = 1
Test result differs at line 1309, signal clk = 1
Test result differs at line 1309, signal ce = 1
Test result differs at line 1309, signal sr = 1
Test result differs at line 1309, signal rs = 1
Test result differs at line 1309, signal ao[0] = 1
Test result differs at line 1310, signal clk = 1
Test result differs at line 1310, signal ce = 1
Test result differs at line 1310, signal sr = 1
Test result differs at line 1310, signal rs = 1
Test result differs at line 1311, signal ('ai', 3, 0) = b1111 
Test result differs at line 1312, signal ('ai', 3, 0) = b1111 
Test result differs at line 1323, signal ao[2] = 1
Test result differs at line 1323, signal ao[3] = 1
Test result differs at line 1324, signal ao[0] = 1
Test result differs at line 1324, signal ao[1] = 1
Test result differs at line 1324, signal ao[3] = 1
Test result differs at line 1324, signal ao[2] = 1
Test result differs at line 1325, signal ao[1] = 1
Test result differs at line 1325, signal clk = 1
Test result differs at line 1325, signal ce = 1
Test result differs at line 1325, signal sr = 1
Test result differs at line 1325, signal rs = 1
Test result differs at line 1325, signal ao[0] = 1
Test result differs at line 1326, signal clk = 1
Test result differs at line 1326, signal ce = 1
Test result differs at line 1326, signal sr = 1
Test result differs at line 1326, signal rs = 1
Test result differs at line 1327, signal ('ai', 3, 0) = b1111 
Test result differs at line 1328, signal ('ai', 3, 0) = b1111 
Test result differs at line 1339, signal ao[2] = 1
Test result differs at line 1339, signal ao[3] = 1
Test result differs at line 1340, signal ao[0] = 1
Test result differs at line 1340, signal ao[1] = 1
Test result differs at line 1340, signal ao[3] = 1
Test result differs at line 1340, signal ao[2] = 1
Test result differs at line 1341, signal ao[1] = 1
Test result differs at line 1341, signal clk = 1
Test result differs at line 1341, signal ce = 1
Test result differs at line 1341, signal sr = 1
Test result differs at line 1341, signal rs = 1
Test result differs at line 1341, signal ao[0] = 1
Test result differs at line 1342, signal clk = 1
Test result differs at line 1342, signal ce = 1
Test result differs at line 1342, signal sr = 1
Test result differs at line 1342, signal rs = 1
Test result differs at line 1343, signal ('ai', 3, 0) = b1111 
Test result differs at line 1344, signal ('ai', 3, 0) = b1111 
Test result differs at line 1355, signal ao[2] = 1
Test result differs at line 1355, signal ao[3] = 1
Test result differs at line 1356, signal ao[0] = 1
Test result differs at line 1356, signal ao[1] = 1
Test result differs at line 1356, signal ao[3] = 1
Test result differs at line 1356, signal ao[2] = 1
Test result differs at line 1357, signal ao[1] = 1
Test result differs at line 1357, signal clk = 1
Test result differs at line 1357, signal ce = 1
Test result differs at line 1357, signal sr = 1
Test result differs at line 1357, signal rs = 1
Test result differs at line 1357, signal ao[0] = 1
Test result differs at line 1358, signal clk = 1
Test result differs at line 1358, signal ce = 1
Test result differs at line 1358, signal sr = 1
Test result differs at line 1358, signal rs = 1
Test result differs at line 1359, signal ('ai', 3, 0) = b1111 
Test result differs at line 1360, signal ('ai', 3, 0) = b1111 
Test result differs at line 1371, signal ao[2] = 1
Test result differs at line 1371, signal ao[3] = 1
Test result differs at line 1372, signal ao[0] = 1
Test result differs at line 1372, signal ao[1] = 1
Test result differs at line 1372, signal ao[3] = 1
Test result differs at line 1372, signal ao[2] = 1
Test result differs at line 1373, signal ao[1] = 1
Test result differs at line 1373, signal clk = 1
Test result differs at line 1373, signal ce = 1
Test result differs at line 1373, signal sr = 1
Test result differs at line 1373, signal rs = 1
Test result differs at line 1373, signal ao[0] = 1
Test result differs at line 1374, signal clk = 1
Test result differs at line 1374, signal ce = 1
Test result differs at line 1374, signal sr = 1
Test result differs at line 1374, signal rs = 1
Test result differs at line 1375, signal ('ai', 3, 0) = b1111 
Test result differs at line 1376, signal ('ai', 3, 0) = b1111 
Test result differs at line 1387, signal ao[2] = 1
Test result differs at line 1387, signal ao[3] = 1
Test result differs at line 1388, signal ao[0] = 1
Test result differs at line 1388, signal ao[1] = 1
Test result differs at line 1388, signal ao[3] = 1
Test result differs at line 1388, signal ao[2] = 1
Test result differs at line 1389, signal ao[1] = 1
Test result differs at line 1389, signal clk = 1
Test result differs at line 1389, signal ce = 1
Test result differs at line 1389, signal sr = 1
Test result differs at line 1389, signal rs = 1
Test result differs at line 1389, signal ao[0] = 1
Test result differs at line 1390, signal clk = 1
Test result differs at line 1390, signal ce = 1
Test result differs at line 1390, signal sr = 1
Test result differs at line 1390, signal rs = 1
Test result differs at line 1391, signal ('ai', 3, 0) = b1111 
Test result differs at line 1392, signal ('ai', 3, 0) = b1111 
Test result differs at line 1403, signal ao[2] = 1
Test result differs at line 1403, signal ao[3] = 1
Test result differs at line 1404, signal ao[0] = 1
Test result differs at line 1404, signal ao[1] = 1
Test result differs at line 1404, signal ao[3] = 1
Test result differs at line 1404, signal ao[2] = 1
Test result differs at line 1405, signal ao[1] = 1
Test result differs at line 1405, signal clk = 1
Test result differs at line 1405, signal ce = 1
Test result differs at line 1405, signal sr = 1
Test result differs at line 1405, signal rs = 1
Test result differs at line 1405, signal ao[0] = 1
Test result differs at line 1406, signal clk = 1
Test result differs at line 1406, signal ce = 1
Test result differs at line 1406, signal sr = 1
Test result differs at line 1406, signal rs = 1
Test result differs at line 1407, signal ('ai', 3, 0) = b1111 
Test result differs at line 1408, signal ('ai', 3, 0) = b1111 
Test result differs at line 1419, signal ao[2] = 1
Test result differs at line 1419, signal ao[3] = 1
Test result differs at line 1420, signal ao[0] = 1
Test result differs at line 1420, signal ao[1] = 1
Test result differs at line 1420, signal ao[3] = 1
Test result differs at line 1420, signal ao[2] = 1
Test result differs at line 1421, signal ao[1] = 1
Test result differs at line 1421, signal clk = 1
Test result differs at line 1421, signal ce = 1
Test result differs at line 1421, signal sr = 1
Test result differs at line 1421, signal rs = 1
Test result differs at line 1421, signal ao[0] = 1
Test result differs at line 1422, signal clk = 1
Test result differs at line 1422, signal ce = 1
Test result differs at line 1422, signal sr = 1
Test result differs at line 1422, signal rs = 1
Test result differs at line 1423, signal ('ai', 3, 0) = b1111 
Test result differs at line 1424, signal ('ai', 3, 0) = b1111 
Test result differs at line 1435, signal ao[2] = 1
Test result differs at line 1435, signal ao[3] = 1
Test result differs at line 1436, signal ao[0] = 1
Test result differs at line 1436, signal ao[1] = 1
Test result differs at line 1436, signal ao[3] = 1
Test result differs at line 1436, signal ao[2] = 1
Test result differs at line 1437, signal ao[1] = 1
Test result differs at line 1437, signal clk = 1
Test result differs at line 1437, signal ce = 1
Test result differs at line 1437, signal sr = 1
Test result differs at line 1437, signal rs = 1
Test result differs at line 1437, signal ao[0] = 1
Test result differs at line 1438, signal clk = 1
Test result differs at line 1438, signal ce = 1
Test result differs at line 1438, signal sr = 1
Test result differs at line 1438, signal rs = 1
Test result differs at line 1439, signal ('ai', 3, 0) = b1111 
Test result differs at line 1440, signal ('ai', 3, 0) = b1111 
Test result differs at line 1451, signal ao[2] = 1
Test result differs at line 1451, signal ao[3] = 1
Test result differs at line 1452, signal ao[0] = 1
Test result differs at line 1452, signal ao[1] = 1
Test result differs at line 1452, signal ao[3] = 1
Test result differs at line 1452, signal ao[2] = 1
Test result differs at line 1453, signal ao[1] = 1
Test result differs at line 1453, signal clk = 1
Test result differs at line 1453, signal ce = 1
Test result differs at line 1453, signal sr = 1
Test result differs at line 1453, signal rs = 1
Test result differs at line 1453, signal ao[0] = 1
Test result differs at line 1454, signal clk = 1
Test result differs at line 1454, signal ce = 1
Test result differs at line 1454, signal sr = 1
Test result differs at line 1454, signal rs = 1
Test result differs at line 1455, signal ('ai', 3, 0) = b1111 
Test result differs at line 1456, signal ('ai', 3, 0) = b1111 
Test result differs at line 1467, signal ao[2] = 1
Test result differs at line 1467, signal ao[3] = 1
Test result differs at line 1468, signal ao[0] = 1
Test result differs at line 1468, signal ao[1] = 1
Test result differs at line 1468, signal ao[3] = 1
Test result differs at line 1468, signal ao[2] = 1
Test result differs at line 1469, signal ao[1] = 1
Test result differs at line 1469, signal clk = 1
Test result differs at line 1469, signal ce = 1
Test result differs at line 1469, signal sr = 1
Test result differs at line 1469, signal rs = 1
Test result differs at line 1469, signal ao[0] = 1
Test result differs at line 1470, signal clk = 1
Test result differs at line 1470, signal ce = 1
Test result differs at line 1470, signal sr = 1
Test result differs at line 1470, signal rs = 1
Test result differs at line 1471, signal ('ai', 3, 0) = b1111 
Test result differs at line 1472, signal ('ai', 3, 0) = b1111 
Test result differs at line 1483, signal ao[2] = 1
Test result differs at line 1483, signal ao[3] = 1
Test result differs at line 1484, signal ao[0] = 1
Test result differs at line 1484, signal ao[1] = 1
Test result differs at line 1484, signal ao[3] = 1
Test result differs at line 1484, signal ao[2] = 1
Test result differs at line 1485, signal ao[1] = 1
Test result differs at line 1485, signal clk = 1
Test result differs at line 1485, signal ce = 1
Test result differs at line 1485, signal sr = 1
Test result differs at line 1485, signal rs = 1
Test result differs at line 1485, signal ao[0] = 1
Test result differs at line 1486, signal clk = 1
Test result differs at line 1486, signal ce = 1
Test result differs at line 1486, signal sr = 1
Test result differs at line 1486, signal rs = 1
Test result differs at line 1487, signal ('ai', 3, 0) = b1111 
Test result differs at line 1488, signal ('ai', 3, 0) = b1111 
Test result differs at line 1499, signal ao[2] = 1
Test result differs at line 1499, signal ao[3] = 1
Test result differs at line 1500, signal ao[0] = 1
Test result differs at line 1500, signal ao[1] = 1
Test result differs at line 1500, signal ao[3] = 1
Test result differs at line 1500, signal ao[2] = 1
Test result differs at line 1501, signal ao[1] = 1
Test result differs at line 1501, signal clk = 1
Test result differs at line 1501, signal ce = 1
Test result differs at line 1501, signal sr = 1
Test result differs at line 1501, signal rs = 1
Test result differs at line 1501, signal ao[0] = 1
Test result differs at line 1502, signal clk = 1
Test result differs at line 1502, signal ce = 1
Test result differs at line 1502, signal sr = 1
Test result differs at line 1502, signal rs = 1
Test result differs at line 1503, signal ('ai', 3, 0) = b1111 
Test result differs at line 1504, signal ('ai', 3, 0) = b1111 
Test result differs at line 1515, signal ao[2] = 1
Test result differs at line 1515, signal ao[3] = 1
Test result differs at line 1516, signal ao[0] = 1
Test result differs at line 1516, signal ao[1] = 1
Test result differs at line 1516, signal ao[3] = 1
Test result differs at line 1516, signal ao[2] = 1
Test result differs at line 1517, signal ao[1] = 1
Test result differs at line 1517, signal clk = 1
Test result differs at line 1517, signal ce = 1
Test result differs at line 1517, signal sr = 1
Test result differs at line 1517, signal rs = 1
Test result differs at line 1517, signal ao[0] = 1
Test result differs at line 1518, signal clk = 1
Test result differs at line 1518, signal ce = 1
Test result differs at line 1518, signal sr = 1
Test result differs at line 1518, signal rs = 1
Test result differs at line 1519, signal ('ai', 3, 0) = b1111 
Test result differs at line 1520, signal ('ai', 3, 0) = b1111 
Test result differs at line 1531, signal ao[2] = 1
Test result differs at line 1531, signal ao[3] = 1
Test result differs at line 1532, signal ao[0] = 1
Test result differs at line 1532, signal ao[1] = 1
Test result differs at line 1532, signal ao[3] = 1
Test result differs at line 1532, signal ao[2] = 1
Test result differs at line 1533, signal ao[1] = 1
Test result differs at line 1533, signal clk = 1
Test result differs at line 1533, signal ce = 1
Test result differs at line 1533, signal sr = 1
Test result differs at line 1533, signal rs = 1
Test result differs at line 1533, signal ao[0] = 1
Test result differs at line 1534, signal clk = 1
Test result differs at line 1534, signal ce = 1
Test result differs at line 1534, signal sr = 1
Test result differs at line 1534, signal rs = 1
Test result differs at line 1535, signal ('ai', 3, 0) = b1111 
Test result differs at line 1536, signal ('ai', 3, 0) = b1111 
Test result differs at line 1547, signal ao[2] = 1
Test result differs at line 1547, signal ao[3] = 1
Test result differs at line 1548, signal ao[0] = 1
Test result differs at line 1548, signal ao[1] = 1
Test result differs at line 1548, signal ao[3] = 1
Test result differs at line 1548, signal ao[2] = 1
Test result differs at line 1549, signal ao[1] = 1
Test result differs at line 1549, signal clk = 1
Test result differs at line 1549, signal ce = 1
Test result differs at line 1549, signal sr = 1
Test result differs at line 1549, signal rs = 1
Test result differs at line 1549, signal ao[0] = 1
Test result differs at line 1550, signal clk = 1
Test result differs at line 1550, signal ce = 1
Test result differs at line 1550, signal sr = 1
Test result differs at line 1550, signal rs = 1
Test result differs at line 1551, signal ('ai', 3, 0) = b1111 
Test result differs at line 1552, signal ('ai', 3, 0) = b1111 
Test result differs at line 1563, signal ao[2] = 1
Test result differs at line 1563, signal ao[3] = 1
Test result differs at line 1564, signal ao[0] = 1
Test result differs at line 1564, signal ao[1] = 1
Test result differs at line 1564, signal ao[3] = 1
Test result differs at line 1564, signal ao[2] = 1
Test result differs at line 1565, signal ao[1] = 1
Test result differs at line 1565, signal clk = 1
Test result differs at line 1565, signal ce = 1
Test result differs at line 1565, signal sr = 1
Test result differs at line 1565, signal rs = 1
Test result differs at line 1565, signal ao[0] = 1
Test result differs at line 1566, signal clk = 1
Test result differs at line 1566, signal ce = 1
Test result differs at line 1566, signal sr = 1
Test result differs at line 1566, signal rs = 1
Test result differs at line 1567, signal ('ai', 3, 0) = b1111 
Test result differs at line 1568, signal ('ai', 3, 0) = b1111 
Test result differs at line 1579, signal ao[2] = 1
Test result differs at line 1579, signal ao[3] = 1
Test result differs at line 1580, signal ao[0] = 1
Test result differs at line 1580, signal ao[1] = 1
Test result differs at line 1580, signal ao[3] = 1
Test result differs at line 1580, signal ao[2] = 1
Test result differs at line 1581, signal ao[1] = 1
Test result differs at line 1581, signal clk = 1
Test result differs at line 1581, signal ce = 1
Test result differs at line 1581, signal sr = 1
Test result differs at line 1581, signal rs = 1
Test result differs at line 1581, signal ao[0] = 1
Test result differs at line 1582, signal clk = 1
Test result differs at line 1582, signal ce = 1
Test result differs at line 1582, signal sr = 1
Test result differs at line 1582, signal rs = 1
Test result differs at line 1583, signal ('ai', 3, 0) = b1111 
Test result differs at line 1584, signal ('ai', 3, 0) = b1111 
Test result differs at line 1595, signal ao[2] = 1
Test result differs at line 1595, signal ao[3] = 1
Test result differs at line 1596, signal ao[0] = 1
Test result differs at line 1596, signal ao[1] = 1
Test result differs at line 1596, signal ao[3] = 1
Test result differs at line 1596, signal ao[2] = 1
Test result differs at line 1597, signal ao[1] = 1
Test result differs at line 1597, signal clk = 1
Test result differs at line 1597, signal ce = 1
Test result differs at line 1597, signal sr = 1
Test result differs at line 1597, signal rs = 1
Test result differs at line 1597, signal ao[0] = 1
Test result differs at line 1598, signal ao[0] = 0
Test result differs at line 1598, signal clk = 1
Test result differs at line 1598, signal ce = 1
Test result differs at line 1598, signal sr = 1
Test result differs at line 1598, signal rs = 1
Test result differs at line 1599, signal ('ai', 3, 0) = b1111 
Test result differs at line 1599, signal clk = 0
Test result differs at line 1600, signal ('ai', 3, 0) = b1111 
Test result differs at line 1601, signal ao[0] = 0
Test result differs at line 1601, signal ('ai', 3, 0) = b0000 
Test result differs at line 1602, signal clk = 0
Test result differs at line 1604, signal ('ai', 3, 0) = b0000 
Test result differs at line 1611, signal ao[2] = 1
Test result differs at line 1611, signal ao[3] = 1
Test result differs at line 1612, signal ao[0] = 1
Test result differs at line 1612, signal ao[1] = 1
Test result differs at line 1612, signal ao[3] = 1
Test result differs at line 1612, signal ao[2] = 1
Test result differs at line 1613, signal ao[1] = 1
Test result differs at line 1613, signal clk = 1
Test result differs at line 1613, signal ce = 1
Test result differs at line 1613, signal sr = 1
Test result differs at line 1613, signal rs = 1
Test result differs at line 1613, signal ao[0] = 1
Test result differs at line 1614, signal ao[0] = 0
Test result differs at line 1614, signal clk = 1
Test result differs at line 1614, signal ce = 1
Test result differs at line 1614, signal sr = 1
Test result differs at line 1614, signal rs = 1
Test result differs at line 1615, signal ('ai', 3, 0) = b1111 
Test result differs at line 1615, signal clk = 0
Test result differs at line 1616, signal ('ai', 3, 0) = b1111 
Test result differs at line 1617, signal ao[0] = 0
Test result differs at line 1617, signal ('ai', 3, 0) = b0000 
Test result differs at line 1618, signal clk = 0
Test result differs at line 1620, signal ('ai', 3, 0) = b0000 
Test result differs at line 1627, signal ao[2] = 1
Test result differs at line 1627, signal ao[3] = 1
Test result differs at line 1628, signal ao[0] = 1
Test result differs at line 1628, signal ao[1] = 1
Test result differs at line 1628, signal ao[3] = 1
Test result differs at line 1628, signal ao[2] = 1
Test result differs at line 1629, signal ao[1] = 1
Test result differs at line 1629, signal clk = 1
Test result differs at line 1629, signal ce = 1
Test result differs at line 1629, signal sr = 1
Test result differs at line 1629, signal rs = 1
Test result differs at line 1629, signal ao[0] = 1
Test result differs at line 1630, signal clk = 1
Test result differs at line 1630, signal ce = 1
Test result differs at line 1630, signal sr = 1
Test result differs at line 1630, signal rs = 1
Test result differs at line 1631, signal ('ai', 3, 0) = b1111 
Test result differs at line 1632, signal ('ai', 3, 0) = b1111 
Test result differs at line 1633, signal ao[0] = 0
Test result differs at line 1634, signal clk = 0
Test result differs at line 1636, signal ('ai', 3, 0) = b0000 
Test result differs at line 1643, signal ao[2] = 1
Test result differs at line 1643, signal ao[3] = 1
Test result differs at line 1644, signal ao[0] = 1
Test result differs at line 1644, signal ao[1] = 1
Test result differs at line 1644, signal ao[3] = 1
Test result differs at line 1644, signal ao[2] = 1
Test result differs at line 1645, signal ao[1] = 1
Test result differs at line 1645, signal clk = 1
Test result differs at line 1645, signal ce = 1
Test result differs at line 1645, signal sr = 1
Test result differs at line 1645, signal rs = 1
Test result differs at line 1645, signal ao[0] = 1
Test result differs at line 1646, signal clk = 1
Test result differs at line 1646, signal ce = 1
Test result differs at line 1646, signal sr = 1
Test result differs at line 1646, signal rs = 1
Test result differs at line 1647, signal ('ai', 3, 0) = b1111 
Test result differs at line 1648, signal ('ai', 3, 0) = b1111 
Test result differs at line 1649, signal ao[0] = 0
Test result differs at line 1650, signal clk = 0
Test result differs at line 1652, signal ('ai', 3, 0) = b0000 
Test result differs at line 1659, signal ao[2] = 1
Test result differs at line 1659, signal ao[3] = 1
Test result differs at line 1660, signal ao[0] = 1
Test result differs at line 1660, signal ao[1] = 1
Test result differs at line 1660, signal ao[3] = 1
Test result differs at line 1660, signal ao[2] = 1
Test result differs at line 1661, signal ao[1] = 1
Test result differs at line 1661, signal clk = 1
Test result differs at line 1661, signal ce = 1
Test result differs at line 1661, signal sr = 1
Test result differs at line 1661, signal rs = 1
Test result differs at line 1661, signal ao[0] = 1
Test result differs at line 1662, signal clk = 1
Test result differs at line 1662, signal ce = 1
Test result differs at line 1662, signal sr = 1
Test result differs at line 1662, signal rs = 1
Test result differs at line 1663, signal ('ai', 3, 0) = b1111 
Test result differs at line 1664, signal ('ai', 3, 0) = b1111 
Test result differs at line 1665, signal ao[0] = 0
Test result differs at line 1666, signal clk = 0
Test result differs at line 1668, signal ('ai', 3, 0) = b0000 
Test result differs at line 1675, signal ao[2] = 1
Test result differs at line 1675, signal ao[3] = 1
Test result differs at line 1676, signal ao[0] = 1
Test result differs at line 1676, signal ao[1] = 1
Test result differs at line 1676, signal ao[3] = 1
Test result differs at line 1676, signal ao[2] = 1
Test result differs at line 1677, signal ao[1] = 1
Test result differs at line 1677, signal clk = 1
Test result differs at line 1677, signal ce = 1
Test result differs at line 1677, signal sr = 1
Test result differs at line 1677, signal rs = 1
Test result differs at line 1677, signal ao[0] = 1
Test result differs at line 1678, signal clk = 1
Test result differs at line 1678, signal ce = 1
Test result differs at line 1678, signal sr = 1
Test result differs at line 1678, signal rs = 1
Test result differs at line 1679, signal ('ai', 3, 0) = b1111 
Test result differs at line 1680, signal ('ai', 3, 0) = b1111 
Test result differs at line 1681, signal ao[0] = 0
Test result differs at line 1682, signal clk = 0
Test result differs at line 1684, signal ('ai', 3, 0) = b0000 
Test result differs at line 1691, signal ao[2] = 1
Test result differs at line 1691, signal ao[3] = 1
Test result differs at line 1692, signal ao[0] = 1
Test result differs at line 1692, signal ao[1] = 1
Test result differs at line 1692, signal ao[3] = 1
Test result differs at line 1692, signal ao[2] = 1
Test result differs at line 1693, signal ao[1] = 1
Test result differs at line 1693, signal clk = 1
Test result differs at line 1693, signal ce = 1
Test result differs at line 1693, signal sr = 1
Test result differs at line 1693, signal rs = 1
Test result differs at line 1693, signal ao[0] = 1
Test result differs at line 1694, signal clk = 1
Test result differs at line 1694, signal ce = 1
Test result differs at line 1694, signal sr = 1
Test result differs at line 1694, signal rs = 1
Test result differs at line 1695, signal ('ai', 3, 0) = b1111 
Test result differs at line 1696, signal ('ai', 3, 0) = b1111 
Test result differs at line 1697, signal ao[0] = 0
Test result differs at line 1698, signal clk = 0
Test result differs at line 1700, signal ('ai', 3, 0) = b0000 
