Test result differs at line 7, signal out[3] = 1
Test result differs at line 7, signal rst_n = 1
Test result differs at line 7, signal out[1] = 1
Test result differs at line 7, signal out[2] = 1
Test result differs at line 10, signal out[1] = 1
Test result differs at line 23, signal out[3] = 1
Test result differs at line 23, signal rst_n = 1
Test result differs at line 23, signal out[1] = 1
Test result differs at line 23, signal out[2] = 1
Test result differs at line 26, signal out[1] = 1
Test result differs at line 39, signal out[3] = 1
Test result differs at line 39, signal rst_n = 1
Test result differs at line 39, signal out[1] = 1
Test result differs at line 39, signal out[2] = 1
Test result differs at line 42, signal out[1] = 1
Test result differs at line 55, signal out[3] = 1
Test result differs at line 55, signal rst_n = 1
Test result differs at line 55, signal out[1] = 1
Test result differs at line 55, signal out[2] = 1
Test result differs at line 58, signal out[1] = 1
Test result differs at line 71, signal out[3] = 1
Test result differs at line 71, signal rst_n = 1
Test result differs at line 71, signal out[1] = 1
Test result differs at line 71, signal out[2] = 1
Test result differs at line 74, signal out[1] = 1
Test result differs at line 87, signal out[3] = 1
Test result differs at line 87, signal rst_n = 1
Test result differs at line 87, signal out[1] = 1
Test result differs at line 87, signal out[2] = 1
Test result differs at line 90, signal out[1] = 1
Test result differs at line 103, signal out[3] = 1
Test result differs at line 103, signal rst_n = 1
Test result differs at line 103, signal out[1] = 1
Test result differs at line 103, signal out[2] = 1
Test result differs at line 106, signal out[1] = 1
Test result differs at line 119, signal out[3] = 1
Test result differs at line 119, signal rst_n = 1
Test result differs at line 119, signal out[1] = 1
Test result differs at line 119, signal out[2] = 1
Test result differs at line 122, signal out[1] = 1
Test result differs at line 135, signal out[3] = 1
Test result differs at line 135, signal rst_n = 1
Test result differs at line 135, signal out[1] = 1
Test result differs at line 135, signal out[2] = 1
Test result differs at line 138, signal out[1] = 1
Test result differs at line 151, signal out[3] = 1
Test result differs at line 151, signal rst_n = 1
Test result differs at line 151, signal out[1] = 1
Test result differs at line 151, signal out[2] = 1
Test result differs at line 154, signal out[1] = 1
Test result differs at line 166, signal clk = 1
Test result differs at line 166, signal rst_n = 1
Test result differs at line 167, signal out[3] = 1
Test result differs at line 167, signal rst_n = 1
Test result differs at line 167, signal out[1] = 1
Test result differs at line 167, signal out[2] = 1
Test result differs at line 170, signal out[1] = 1
Test result differs at line 182, signal out[3] = 1
Test result differs at line 182, signal clk = 1
Test result differs at line 182, signal rst_n = 1
Test result differs at line 183, signal out[3] = 1
Test result differs at line 183, signal clk = 1
Test result differs at line 183, signal rst_n = 1
Test result differs at line 183, signal out[1] = 1
Test result differs at line 183, signal out[2] = 1
Test result differs at line 186, signal out[1] = 1
Test result differs at line 198, signal out[3] = 1
Test result differs at line 198, signal clk = 1
Test result differs at line 198, signal rst_n = 1
Test result differs at line 198, signal out[2] = 1
Test result differs at line 199, signal out[3] = 1
Test result differs at line 199, signal clk = 1
Test result differs at line 199, signal rst_n = 1
Test result differs at line 199, signal out[1] = 1
Test result differs at line 199, signal out[2] = 1
Test result differs at line 202, signal out[1] = 1
Test result differs at line 214, signal out[3] = 1
Test result differs at line 214, signal clk = 1
Test result differs at line 214, signal rst_n = 1
Test result differs at line 214, signal out[0] = 1
Test result differs at line 214, signal out[2] = 1
Test result differs at line 215, signal out[3] = 1
Test result differs at line 215, signal clk = 1
Test result differs at line 215, signal rst_n = 1
Test result differs at line 215, signal out[1] = 1
Test result differs at line 215, signal out[2] = 1
Test result differs at line 218, signal out[1] = 1
Test result differs at line 230, signal out[3] = 1
Test result differs at line 230, signal clk = 1
Test result differs at line 230, signal rst_n = 1
Test result differs at line 230, signal out[0] = 1
Test result differs at line 230, signal out[2] = 1
Test result differs at line 231, signal out[1] = 1
Test result differs at line 231, signal out[2] = 1
Test result differs at line 231, signal out[3] = 1
Test result differs at line 231, signal clk = 1
Test result differs at line 231, signal rst_n = 1
Test result differs at line 231, signal out[0] = 1
Test result differs at line 234, signal out[1] = 1
Test result differs at line 246, signal out[3] = 1
Test result differs at line 246, signal clk = 1
Test result differs at line 246, signal rst_n = 1
Test result differs at line 246, signal out[0] = 1
Test result differs at line 246, signal out[2] = 1
Test result differs at line 247, signal out[1] = 1
Test result differs at line 247, signal out[2] = 1
Test result differs at line 247, signal out[3] = 1
Test result differs at line 247, signal clk = 1
Test result differs at line 247, signal rst_n = 1
Test result differs at line 247, signal out[0] = 1
Test result differs at line 250, signal out[1] = 1
Test result differs at line 262, signal out[3] = 1
Test result differs at line 262, signal clk = 1
Test result differs at line 262, signal rst_n = 1
Test result differs at line 262, signal out[0] = 1
Test result differs at line 262, signal out[2] = 1
Test result differs at line 263, signal out[1] = 1
Test result differs at line 263, signal out[2] = 1
Test result differs at line 263, signal out[3] = 1
Test result differs at line 263, signal clk = 1
Test result differs at line 263, signal rst_n = 1
Test result differs at line 263, signal out[0] = 1
Test result differs at line 266, signal out[1] = 1
Test result differs at line 278, signal out[3] = 1
Test result differs at line 278, signal clk = 1
Test result differs at line 278, signal rst_n = 1
Test result differs at line 278, signal out[0] = 1
Test result differs at line 278, signal out[2] = 1
Test result differs at line 279, signal out[1] = 1
Test result differs at line 279, signal out[2] = 1
Test result differs at line 279, signal out[3] = 1
Test result differs at line 279, signal clk = 1
Test result differs at line 279, signal rst_n = 1
Test result differs at line 279, signal out[0] = 1
Test result differs at line 282, signal out[1] = 1
Test result differs at line 294, signal out[3] = 1
Test result differs at line 294, signal clk = 1
Test result differs at line 294, signal rst_n = 1
Test result differs at line 294, signal out[0] = 1
Test result differs at line 294, signal out[2] = 1
Test result differs at line 295, signal out[1] = 1
Test result differs at line 295, signal out[2] = 1
Test result differs at line 295, signal out[3] = 1
Test result differs at line 295, signal clk = 1
Test result differs at line 295, signal rst_n = 1
Test result differs at line 295, signal out[0] = 1
Test result differs at line 298, signal out[1] = 1
Test result differs at line 310, signal out[3] = 1
Test result differs at line 310, signal clk = 1
Test result differs at line 310, signal rst_n = 1
Test result differs at line 310, signal out[0] = 1
Test result differs at line 310, signal out[2] = 1
Test result differs at line 311, signal out[1] = 1
Test result differs at line 311, signal out[2] = 1
Test result differs at line 311, signal out[3] = 1
Test result differs at line 311, signal clk = 1
Test result differs at line 311, signal rst_n = 1
Test result differs at line 311, signal out[0] = 1
Test result differs at line 314, signal out[1] = 1
Test result differs at line 326, signal out[3] = 1
Test result differs at line 326, signal clk = 1
Test result differs at line 326, signal rst_n = 1
Test result differs at line 326, signal out[0] = 1
Test result differs at line 326, signal out[2] = 1
Test result differs at line 327, signal out[1] = 1
Test result differs at line 327, signal out[2] = 1
Test result differs at line 327, signal out[3] = 1
Test result differs at line 327, signal clk = 1
Test result differs at line 327, signal rst_n = 1
Test result differs at line 327, signal out[0] = 1
Test result differs at line 330, signal out[1] = 1
Test result differs at line 342, signal out[3] = 1
Test result differs at line 342, signal clk = 1
Test result differs at line 342, signal rst_n = 1
Test result differs at line 342, signal out[0] = 1
Test result differs at line 342, signal out[2] = 1
Test result differs at line 343, signal out[1] = 1
Test result differs at line 343, signal out[2] = 1
Test result differs at line 343, signal out[3] = 1
Test result differs at line 343, signal clk = 1
Test result differs at line 343, signal rst_n = 1
Test result differs at line 343, signal out[0] = 1
Test result differs at line 346, signal out[1] = 1
Test result differs at line 358, signal out[3] = 1
Test result differs at line 358, signal clk = 1
Test result differs at line 358, signal rst_n = 1
Test result differs at line 358, signal out[0] = 1
Test result differs at line 358, signal out[2] = 1
Test result differs at line 359, signal out[1] = 1
Test result differs at line 359, signal out[2] = 1
Test result differs at line 359, signal out[3] = 1
Test result differs at line 359, signal clk = 1
Test result differs at line 359, signal rst_n = 1
Test result differs at line 359, signal out[0] = 1
Test result differs at line 362, signal out[1] = 1
Test result differs at line 374, signal out[3] = 1
Test result differs at line 374, signal clk = 1
Test result differs at line 374, signal rst_n = 1
Test result differs at line 374, signal out[0] = 1
Test result differs at line 374, signal out[2] = 1
Test result differs at line 375, signal out[1] = 1
Test result differs at line 375, signal out[2] = 1
Test result differs at line 375, signal out[3] = 1
Test result differs at line 375, signal clk = 1
Test result differs at line 375, signal rst_n = 1
Test result differs at line 375, signal out[0] = 1
Test result differs at line 378, signal out[1] = 1
Test result differs at line 390, signal out[3] = 1
Test result differs at line 390, signal clk = 1
Test result differs at line 390, signal rst_n = 1
Test result differs at line 390, signal out[0] = 1
Test result differs at line 390, signal out[2] = 1
Test result differs at line 391, signal out[1] = 1
Test result differs at line 391, signal out[2] = 1
Test result differs at line 391, signal out[3] = 1
Test result differs at line 391, signal clk = 1
Test result differs at line 391, signal rst_n = 1
Test result differs at line 391, signal out[0] = 1
Test result differs at line 394, signal out[1] = 1
Test result differs at line 406, signal out[3] = 1
Test result differs at line 406, signal clk = 1
Test result differs at line 406, signal rst_n = 1
Test result differs at line 406, signal out[0] = 1
Test result differs at line 406, signal out[2] = 1
Test result differs at line 407, signal out[1] = 1
Test result differs at line 407, signal out[2] = 1
Test result differs at line 407, signal out[3] = 1
Test result differs at line 407, signal clk = 1
Test result differs at line 407, signal rst_n = 1
Test result differs at line 407, signal out[0] = 1
Test result differs at line 410, signal out[1] = 1
Test result differs at line 422, signal out[1] = 1
Test result differs at line 422, signal out[2] = 1
Test result differs at line 422, signal out[3] = 1
Test result differs at line 422, signal clk = 1
Test result differs at line 422, signal rst_n = 1
Test result differs at line 422, signal out[0] = 1
Test result differs at line 423, signal out[1] = 1
Test result differs at line 423, signal out[2] = 1
Test result differs at line 423, signal out[3] = 1
Test result differs at line 423, signal clk = 1
Test result differs at line 423, signal rst_n = 1
Test result differs at line 423, signal out[0] = 1
Test result differs at line 426, signal out[1] = 1
Test result differs at line 438, signal out[1] = 1
Test result differs at line 438, signal out[2] = 1
Test result differs at line 438, signal out[3] = 1
Test result differs at line 438, signal clk = 1
Test result differs at line 438, signal rst_n = 1
Test result differs at line 438, signal out[0] = 1
Test result differs at line 439, signal out[1] = 1
Test result differs at line 439, signal out[2] = 1
Test result differs at line 439, signal out[3] = 1
Test result differs at line 439, signal clk = 1
Test result differs at line 439, signal rst_n = 1
Test result differs at line 439, signal out[0] = 1
Test result differs at line 442, signal out[1] = 1
Test result differs at line 454, signal out[1] = 1
Test result differs at line 454, signal out[2] = 1
Test result differs at line 454, signal out[3] = 1
Test result differs at line 454, signal clk = 1
Test result differs at line 454, signal rst_n = 1
Test result differs at line 454, signal out[0] = 1
Test result differs at line 455, signal out[1] = 1
Test result differs at line 455, signal out[2] = 1
Test result differs at line 455, signal out[3] = 1
Test result differs at line 455, signal clk = 1
Test result differs at line 455, signal rst_n = 1
Test result differs at line 455, signal out[0] = 1
Test result differs at line 458, signal out[1] = 1
Test result differs at line 470, signal out[1] = 1
Test result differs at line 470, signal out[2] = 1
Test result differs at line 470, signal out[3] = 1
Test result differs at line 470, signal clk = 1
Test result differs at line 470, signal rst_n = 1
Test result differs at line 470, signal out[0] = 1
Test result differs at line 471, signal out[1] = 1
Test result differs at line 471, signal out[2] = 1
Test result differs at line 471, signal out[3] = 1
Test result differs at line 471, signal clk = 1
Test result differs at line 471, signal rst_n = 1
Test result differs at line 471, signal out[0] = 1
Test result differs at line 474, signal out[1] = 1
Test result differs at line 486, signal out[1] = 1
Test result differs at line 486, signal out[2] = 1
Test result differs at line 486, signal out[3] = 1
Test result differs at line 486, signal clk = 1
Test result differs at line 486, signal rst_n = 1
Test result differs at line 486, signal out[0] = 1
Test result differs at line 487, signal out[1] = 1
Test result differs at line 487, signal out[2] = 1
Test result differs at line 487, signal out[3] = 1
Test result differs at line 487, signal clk = 1
Test result differs at line 487, signal rst_n = 1
Test result differs at line 487, signal out[0] = 1
Test result differs at line 490, signal out[1] = 1
Test result differs at line 502, signal out[1] = 1
Test result differs at line 502, signal out[2] = 1
Test result differs at line 502, signal out[3] = 1
Test result differs at line 502, signal clk = 1
Test result differs at line 502, signal rst_n = 1
Test result differs at line 502, signal out[0] = 1
Test result differs at line 503, signal out[1] = 1
Test result differs at line 503, signal out[2] = 1
Test result differs at line 503, signal out[3] = 1
Test result differs at line 503, signal clk = 1
Test result differs at line 503, signal rst_n = 1
Test result differs at line 503, signal out[0] = 1
Test result differs at line 506, signal out[1] = 1
Test result differs at line 518, signal out[1] = 1
Test result differs at line 518, signal out[2] = 1
Test result differs at line 518, signal out[3] = 1
Test result differs at line 518, signal clk = 1
Test result differs at line 518, signal rst_n = 1
Test result differs at line 518, signal out[0] = 1
Test result differs at line 519, signal out[1] = 1
Test result differs at line 519, signal out[2] = 1
Test result differs at line 519, signal out[3] = 1
Test result differs at line 519, signal clk = 1
Test result differs at line 519, signal rst_n = 1
Test result differs at line 519, signal out[0] = 1
Test result differs at line 522, signal out[1] = 1
Test result differs at line 534, signal out[1] = 1
Test result differs at line 534, signal out[2] = 1
Test result differs at line 534, signal out[3] = 1
Test result differs at line 534, signal clk = 1
Test result differs at line 534, signal rst_n = 1
Test result differs at line 534, signal out[0] = 1
Test result differs at line 535, signal out[1] = 1
Test result differs at line 535, signal out[2] = 1
Test result differs at line 535, signal out[3] = 1
Test result differs at line 535, signal clk = 1
Test result differs at line 535, signal rst_n = 1
Test result differs at line 535, signal out[0] = 1
Test result differs at line 538, signal out[1] = 1
Test result differs at line 550, signal out[1] = 1
Test result differs at line 550, signal out[2] = 1
Test result differs at line 550, signal out[3] = 1
Test result differs at line 550, signal clk = 1
Test result differs at line 550, signal rst_n = 1
Test result differs at line 550, signal out[0] = 1
Test result differs at line 551, signal out[1] = 1
Test result differs at line 551, signal out[2] = 1
Test result differs at line 551, signal out[3] = 1
Test result differs at line 551, signal clk = 1
Test result differs at line 551, signal rst_n = 1
Test result differs at line 551, signal out[0] = 1
Test result differs at line 554, signal out[1] = 1
Test result differs at line 566, signal out[1] = 1
Test result differs at line 566, signal out[2] = 1
Test result differs at line 566, signal out[3] = 1
Test result differs at line 566, signal clk = 1
Test result differs at line 566, signal rst_n = 1
Test result differs at line 566, signal out[0] = 1
Test result differs at line 567, signal out[1] = 1
Test result differs at line 567, signal out[2] = 1
Test result differs at line 567, signal out[3] = 1
Test result differs at line 567, signal clk = 1
Test result differs at line 567, signal rst_n = 1
Test result differs at line 567, signal out[0] = 1
Test result differs at line 570, signal out[1] = 1
Test result differs at line 582, signal out[1] = 1
Test result differs at line 582, signal out[2] = 1
Test result differs at line 582, signal out[3] = 1
Test result differs at line 582, signal clk = 1
Test result differs at line 582, signal rst_n = 1
Test result differs at line 582, signal out[0] = 1
Test result differs at line 583, signal out[1] = 1
Test result differs at line 583, signal out[2] = 1
Test result differs at line 583, signal out[3] = 1
Test result differs at line 583, signal clk = 1
Test result differs at line 583, signal rst_n = 1
Test result differs at line 583, signal out[0] = 1
Test result differs at line 586, signal out[1] = 1
Test result differs at line 598, signal out[1] = 1
Test result differs at line 598, signal out[2] = 1
Test result differs at line 598, signal out[3] = 1
Test result differs at line 598, signal clk = 1
Test result differs at line 598, signal rst_n = 1
Test result differs at line 598, signal out[0] = 1
Test result differs at line 599, signal out[1] = 1
Test result differs at line 599, signal out[2] = 1
Test result differs at line 599, signal out[3] = 1
Test result differs at line 599, signal clk = 1
Test result differs at line 599, signal rst_n = 1
Test result differs at line 599, signal out[0] = 1
Test result differs at line 614, signal out[1] = 1
Test result differs at line 614, signal out[2] = 1
Test result differs at line 614, signal out[3] = 1
Test result differs at line 614, signal clk = 1
Test result differs at line 614, signal rst_n = 1
Test result differs at line 614, signal out[0] = 1
Test result differs at line 615, signal out[1] = 1
Test result differs at line 615, signal out[2] = 1
Test result differs at line 615, signal out[3] = 1
Test result differs at line 615, signal clk = 1
Test result differs at line 615, signal rst_n = 1
Test result differs at line 615, signal out[0] = 1
Test result differs at line 630, signal out[1] = 1
Test result differs at line 630, signal out[2] = 1
Test result differs at line 630, signal out[3] = 1
Test result differs at line 630, signal clk = 1
Test result differs at line 630, signal rst_n = 1
Test result differs at line 630, signal out[0] = 1
Test result differs at line 631, signal out[1] = 1
Test result differs at line 631, signal out[2] = 1
Test result differs at line 631, signal out[3] = 1
Test result differs at line 631, signal clk = 1
Test result differs at line 631, signal rst_n = 1
Test result differs at line 631, signal out[0] = 1
Test result differs at line 646, signal out[1] = 1
Test result differs at line 646, signal out[2] = 1
Test result differs at line 646, signal out[3] = 1
Test result differs at line 646, signal clk = 1
Test result differs at line 646, signal rst_n = 1
Test result differs at line 646, signal out[0] = 1
Test result differs at line 647, signal out[1] = 1
Test result differs at line 647, signal out[2] = 1
Test result differs at line 647, signal out[3] = 1
Test result differs at line 647, signal clk = 1
Test result differs at line 647, signal rst_n = 1
Test result differs at line 647, signal out[0] = 1
Test result differs at line 662, signal out[1] = 1
Test result differs at line 662, signal out[2] = 1
Test result differs at line 662, signal out[3] = 1
Test result differs at line 662, signal clk = 1
Test result differs at line 662, signal rst_n = 1
Test result differs at line 662, signal out[0] = 1
Test result differs at line 663, signal out[1] = 1
Test result differs at line 663, signal out[2] = 1
Test result differs at line 663, signal out[3] = 1
Test result differs at line 663, signal clk = 1
Test result differs at line 663, signal rst_n = 1
Test result differs at line 663, signal out[0] = 1
Test result differs at line 678, signal out[1] = 1
Test result differs at line 678, signal out[2] = 1
Test result differs at line 678, signal out[3] = 1
Test result differs at line 678, signal clk = 1
Test result differs at line 678, signal rst_n = 1
Test result differs at line 678, signal out[0] = 1
Test result differs at line 679, signal out[1] = 1
Test result differs at line 679, signal out[2] = 1
Test result differs at line 679, signal out[3] = 1
Test result differs at line 679, signal clk = 1
Test result differs at line 679, signal rst_n = 1
Test result differs at line 679, signal out[0] = 1
Test result differs at line 694, signal out[1] = 1
Test result differs at line 694, signal out[2] = 1
Test result differs at line 694, signal out[3] = 1
Test result differs at line 694, signal clk = 1
Test result differs at line 694, signal rst_n = 1
Test result differs at line 694, signal out[0] = 1
Test result differs at line 695, signal out[1] = 1
Test result differs at line 695, signal out[2] = 1
Test result differs at line 695, signal out[3] = 1
Test result differs at line 695, signal clk = 1
Test result differs at line 695, signal rst_n = 1
Test result differs at line 695, signal out[0] = 1
Test result differs at line 710, signal out[1] = 1
Test result differs at line 710, signal out[2] = 1
Test result differs at line 710, signal out[3] = 1
Test result differs at line 710, signal clk = 1
Test result differs at line 710, signal rst_n = 1
Test result differs at line 710, signal out[0] = 1
Test result differs at line 711, signal out[1] = 1
Test result differs at line 711, signal out[2] = 1
Test result differs at line 711, signal out[3] = 1
Test result differs at line 711, signal clk = 1
Test result differs at line 711, signal rst_n = 1
Test result differs at line 711, signal out[0] = 1
Test result differs at line 726, signal out[1] = 1
Test result differs at line 726, signal out[2] = 1
Test result differs at line 726, signal out[3] = 1
Test result differs at line 726, signal clk = 1
Test result differs at line 726, signal rst_n = 1
Test result differs at line 726, signal out[0] = 1
Test result differs at line 727, signal out[1] = 1
Test result differs at line 727, signal out[2] = 1
Test result differs at line 727, signal out[3] = 1
Test result differs at line 727, signal clk = 1
Test result differs at line 727, signal rst_n = 1
Test result differs at line 727, signal out[0] = 1
Test result differs at line 742, signal out[1] = 1
Test result differs at line 742, signal out[2] = 1
Test result differs at line 742, signal out[3] = 1
Test result differs at line 742, signal clk = 1
Test result differs at line 742, signal rst_n = 1
Test result differs at line 742, signal out[0] = 1
Test result differs at line 743, signal out[1] = 1
Test result differs at line 743, signal out[2] = 1
Test result differs at line 743, signal out[3] = 1
Test result differs at line 743, signal clk = 1
Test result differs at line 743, signal rst_n = 1
Test result differs at line 743, signal out[0] = 1
Test result differs at line 758, signal out[1] = 1
Test result differs at line 758, signal out[2] = 1
Test result differs at line 758, signal out[3] = 1
Test result differs at line 758, signal clk = 1
Test result differs at line 758, signal rst_n = 1
Test result differs at line 758, signal out[0] = 1
Test result differs at line 759, signal out[1] = 1
Test result differs at line 759, signal out[2] = 1
Test result differs at line 759, signal out[3] = 1
Test result differs at line 759, signal clk = 1
Test result differs at line 759, signal rst_n = 1
Test result differs at line 759, signal out[0] = 1
Test result differs at line 774, signal out[1] = 1
Test result differs at line 774, signal out[2] = 1
Test result differs at line 774, signal out[3] = 1
Test result differs at line 774, signal clk = 1
Test result differs at line 774, signal rst_n = 1
Test result differs at line 774, signal out[0] = 1
Test result differs at line 775, signal out[1] = 1
Test result differs at line 775, signal out[2] = 1
Test result differs at line 775, signal out[3] = 1
Test result differs at line 775, signal clk = 1
Test result differs at line 775, signal rst_n = 1
Test result differs at line 775, signal out[0] = 1
Test result differs at line 790, signal out[1] = 1
Test result differs at line 790, signal out[2] = 1
Test result differs at line 790, signal out[3] = 1
Test result differs at line 790, signal clk = 1
Test result differs at line 790, signal rst_n = 1
Test result differs at line 790, signal out[0] = 1
Test result differs at line 791, signal out[1] = 1
Test result differs at line 791, signal out[2] = 1
Test result differs at line 791, signal out[3] = 1
Test result differs at line 791, signal clk = 1
Test result differs at line 791, signal rst_n = 1
Test result differs at line 791, signal out[0] = 1
Test result differs at line 806, signal out[1] = 1
Test result differs at line 806, signal out[2] = 1
Test result differs at line 806, signal out[3] = 1
Test result differs at line 806, signal clk = 1
Test result differs at line 806, signal rst_n = 1
Test result differs at line 806, signal out[0] = 1
Test result differs at line 807, signal out[1] = 1
Test result differs at line 807, signal out[2] = 1
Test result differs at line 807, signal out[3] = 1
Test result differs at line 807, signal clk = 1
Test result differs at line 807, signal rst_n = 1
Test result differs at line 807, signal out[0] = 1
Test result differs at line 822, signal out[1] = 1
Test result differs at line 822, signal out[2] = 1
Test result differs at line 822, signal out[3] = 1
Test result differs at line 822, signal clk = 1
Test result differs at line 822, signal rst_n = 1
Test result differs at line 822, signal out[0] = 1
Test result differs at line 823, signal out[1] = 1
Test result differs at line 823, signal out[2] = 1
Test result differs at line 823, signal out[3] = 1
Test result differs at line 823, signal clk = 1
Test result differs at line 823, signal rst_n = 1
Test result differs at line 823, signal out[0] = 1
Test result differs at line 838, signal out[1] = 1
Test result differs at line 838, signal out[2] = 1
Test result differs at line 838, signal out[3] = 1
Test result differs at line 838, signal clk = 1
Test result differs at line 838, signal rst_n = 1
Test result differs at line 838, signal out[0] = 1
Test result differs at line 839, signal out[1] = 1
Test result differs at line 839, signal out[2] = 1
Test result differs at line 839, signal out[3] = 1
Test result differs at line 839, signal clk = 1
Test result differs at line 839, signal rst_n = 1
Test result differs at line 839, signal out[0] = 1
Test result differs at line 854, signal out[1] = 1
Test result differs at line 854, signal out[2] = 1
Test result differs at line 854, signal out[3] = 1
Test result differs at line 854, signal clk = 1
Test result differs at line 854, signal rst_n = 1
Test result differs at line 854, signal out[0] = 1
Test result differs at line 855, signal out[1] = 1
Test result differs at line 855, signal out[2] = 1
Test result differs at line 855, signal out[3] = 1
Test result differs at line 855, signal clk = 1
Test result differs at line 855, signal rst_n = 1
Test result differs at line 855, signal out[0] = 1
Test result differs at line 870, signal out[1] = 1
Test result differs at line 870, signal out[2] = 1
Test result differs at line 870, signal out[3] = 1
Test result differs at line 870, signal clk = 1
Test result differs at line 870, signal rst_n = 1
Test result differs at line 870, signal out[0] = 1
Test result differs at line 871, signal out[1] = 1
Test result differs at line 871, signal out[2] = 1
Test result differs at line 871, signal out[3] = 1
Test result differs at line 871, signal clk = 1
Test result differs at line 871, signal rst_n = 1
Test result differs at line 871, signal out[0] = 1
Test result differs at line 886, signal out[1] = 1
Test result differs at line 886, signal out[2] = 1
Test result differs at line 886, signal out[3] = 1
Test result differs at line 886, signal clk = 1
Test result differs at line 886, signal rst_n = 1
Test result differs at line 886, signal out[0] = 1
Test result differs at line 887, signal out[1] = 1
Test result differs at line 887, signal out[2] = 1
Test result differs at line 887, signal out[3] = 1
Test result differs at line 887, signal clk = 1
Test result differs at line 887, signal rst_n = 1
Test result differs at line 887, signal out[0] = 1
Test result differs at line 902, signal out[1] = 1
Test result differs at line 902, signal out[2] = 1
Test result differs at line 902, signal out[3] = 1
Test result differs at line 902, signal clk = 1
Test result differs at line 902, signal rst_n = 1
Test result differs at line 902, signal out[0] = 1
Test result differs at line 903, signal out[1] = 1
Test result differs at line 903, signal out[2] = 1
Test result differs at line 903, signal out[3] = 1
Test result differs at line 903, signal clk = 1
Test result differs at line 903, signal rst_n = 1
Test result differs at line 903, signal out[0] = 1
Test result differs at line 918, signal out[1] = 1
Test result differs at line 918, signal out[2] = 1
Test result differs at line 918, signal out[3] = 1
Test result differs at line 918, signal clk = 1
Test result differs at line 918, signal rst_n = 1
Test result differs at line 918, signal out[0] = 1
Test result differs at line 919, signal out[1] = 1
Test result differs at line 919, signal out[2] = 1
Test result differs at line 919, signal out[3] = 1
Test result differs at line 919, signal clk = 1
Test result differs at line 919, signal rst_n = 1
Test result differs at line 919, signal out[0] = 1
Test result differs at line 934, signal out[1] = 1
Test result differs at line 934, signal out[2] = 1
Test result differs at line 934, signal out[3] = 1
Test result differs at line 934, signal clk = 1
Test result differs at line 934, signal rst_n = 1
Test result differs at line 934, signal out[0] = 1
Test result differs at line 935, signal out[1] = 1
Test result differs at line 935, signal out[2] = 1
Test result differs at line 935, signal out[3] = 1
Test result differs at line 935, signal clk = 1
Test result differs at line 935, signal rst_n = 1
Test result differs at line 935, signal out[0] = 1
Test result differs at line 950, signal out[1] = 1
Test result differs at line 950, signal out[2] = 1
Test result differs at line 950, signal out[3] = 1
Test result differs at line 950, signal clk = 1
Test result differs at line 950, signal rst_n = 1
Test result differs at line 950, signal out[0] = 1
Test result differs at line 951, signal out[1] = 1
Test result differs at line 951, signal out[2] = 1
Test result differs at line 951, signal out[3] = 1
Test result differs at line 951, signal clk = 1
Test result differs at line 951, signal rst_n = 1
Test result differs at line 951, signal out[0] = 1
Test result differs at line 966, signal out[1] = 1
Test result differs at line 966, signal out[2] = 1
Test result differs at line 966, signal out[3] = 1
Test result differs at line 966, signal clk = 1
Test result differs at line 966, signal rst_n = 1
Test result differs at line 966, signal out[0] = 1
Test result differs at line 967, signal out[1] = 1
Test result differs at line 967, signal out[2] = 1
Test result differs at line 967, signal out[3] = 1
Test result differs at line 967, signal clk = 1
Test result differs at line 967, signal rst_n = 1
Test result differs at line 967, signal out[0] = 1
Test result differs at line 982, signal out[1] = 1
Test result differs at line 982, signal out[2] = 1
Test result differs at line 982, signal out[3] = 1
Test result differs at line 982, signal clk = 1
Test result differs at line 982, signal rst_n = 1
Test result differs at line 982, signal out[0] = 1
Test result differs at line 983, signal out[1] = 1
Test result differs at line 983, signal out[2] = 1
Test result differs at line 983, signal out[3] = 1
Test result differs at line 983, signal clk = 1
Test result differs at line 983, signal rst_n = 1
Test result differs at line 983, signal out[0] = 1
Test result differs at line 998, signal out[1] = 1
Test result differs at line 998, signal out[2] = 1
Test result differs at line 998, signal out[3] = 1
Test result differs at line 998, signal clk = 1
Test result differs at line 998, signal rst_n = 1
Test result differs at line 998, signal out[0] = 1
Test result differs at line 999, signal out[1] = 1
Test result differs at line 999, signal out[2] = 1
Test result differs at line 999, signal out[3] = 1
Test result differs at line 999, signal clk = 1
Test result differs at line 999, signal rst_n = 1
Test result differs at line 999, signal out[0] = 1
Test result differs at line 1014, signal out[1] = 1
Test result differs at line 1014, signal out[2] = 1
Test result differs at line 1014, signal out[3] = 1
Test result differs at line 1014, signal clk = 1
Test result differs at line 1014, signal rst_n = 1
Test result differs at line 1014, signal out[0] = 1
Test result differs at line 1015, signal out[1] = 1
Test result differs at line 1015, signal out[2] = 1
Test result differs at line 1015, signal out[3] = 1
Test result differs at line 1015, signal clk = 1
Test result differs at line 1015, signal rst_n = 1
Test result differs at line 1015, signal out[0] = 1
Test result differs at line 1030, signal out[1] = 1
Test result differs at line 1030, signal out[2] = 1
Test result differs at line 1030, signal out[3] = 1
Test result differs at line 1030, signal clk = 1
Test result differs at line 1030, signal rst_n = 1
Test result differs at line 1030, signal out[0] = 1
Test result differs at line 1031, signal out[1] = 1
Test result differs at line 1031, signal out[2] = 1
Test result differs at line 1031, signal out[3] = 1
Test result differs at line 1031, signal clk = 1
Test result differs at line 1031, signal rst_n = 1
Test result differs at line 1031, signal out[0] = 1
Test result differs at line 1046, signal out[1] = 1
Test result differs at line 1046, signal out[2] = 1
Test result differs at line 1046, signal out[3] = 1
Test result differs at line 1046, signal clk = 1
Test result differs at line 1046, signal rst_n = 1
Test result differs at line 1046, signal out[0] = 1
Test result differs at line 1047, signal out[1] = 1
Test result differs at line 1047, signal out[2] = 1
Test result differs at line 1047, signal out[3] = 1
Test result differs at line 1047, signal clk = 1
Test result differs at line 1047, signal rst_n = 1
Test result differs at line 1047, signal out[0] = 1
Test result differs at line 1062, signal out[1] = 1
Test result differs at line 1062, signal out[2] = 1
Test result differs at line 1062, signal out[3] = 1
Test result differs at line 1062, signal clk = 1
Test result differs at line 1062, signal rst_n = 1
Test result differs at line 1062, signal out[0] = 1
Test result differs at line 1063, signal out[1] = 1
Test result differs at line 1063, signal out[2] = 1
Test result differs at line 1063, signal out[3] = 1
Test result differs at line 1063, signal clk = 1
Test result differs at line 1063, signal rst_n = 1
Test result differs at line 1063, signal out[0] = 1
Test result differs at line 1078, signal out[1] = 1
Test result differs at line 1078, signal out[2] = 1
Test result differs at line 1078, signal out[3] = 1
Test result differs at line 1078, signal clk = 1
Test result differs at line 1078, signal rst_n = 1
Test result differs at line 1078, signal out[0] = 1
Test result differs at line 1079, signal out[1] = 1
Test result differs at line 1079, signal out[2] = 1
Test result differs at line 1079, signal out[3] = 1
Test result differs at line 1079, signal clk = 1
Test result differs at line 1079, signal rst_n = 1
Test result differs at line 1079, signal out[0] = 1
Test result differs at line 1094, signal out[1] = 1
Test result differs at line 1094, signal out[2] = 1
Test result differs at line 1094, signal out[3] = 1
Test result differs at line 1094, signal clk = 1
Test result differs at line 1094, signal rst_n = 1
Test result differs at line 1094, signal out[0] = 1
Test result differs at line 1095, signal out[1] = 1
Test result differs at line 1095, signal out[2] = 1
Test result differs at line 1095, signal out[3] = 1
Test result differs at line 1095, signal clk = 1
Test result differs at line 1095, signal rst_n = 1
Test result differs at line 1095, signal out[0] = 1
Test result differs at line 1110, signal out[1] = 1
Test result differs at line 1110, signal out[2] = 1
Test result differs at line 1110, signal out[3] = 1
Test result differs at line 1110, signal clk = 1
Test result differs at line 1110, signal rst_n = 1
Test result differs at line 1110, signal out[0] = 1
Test result differs at line 1111, signal out[1] = 1
Test result differs at line 1111, signal out[2] = 1
Test result differs at line 1111, signal out[3] = 1
Test result differs at line 1111, signal clk = 1
Test result differs at line 1111, signal rst_n = 1
Test result differs at line 1111, signal out[0] = 1
Test result differs at line 1126, signal out[1] = 1
Test result differs at line 1126, signal out[2] = 1
Test result differs at line 1126, signal out[3] = 1
Test result differs at line 1126, signal clk = 1
Test result differs at line 1126, signal rst_n = 1
Test result differs at line 1126, signal out[0] = 1
Test result differs at line 1127, signal out[1] = 1
Test result differs at line 1127, signal out[2] = 1
Test result differs at line 1127, signal out[3] = 1
Test result differs at line 1127, signal clk = 1
Test result differs at line 1127, signal rst_n = 1
Test result differs at line 1127, signal out[0] = 1
Test result differs at line 1142, signal out[1] = 1
Test result differs at line 1142, signal out[2] = 1
Test result differs at line 1142, signal out[3] = 1
Test result differs at line 1142, signal clk = 1
Test result differs at line 1142, signal rst_n = 1
Test result differs at line 1142, signal out[0] = 1
Test result differs at line 1143, signal out[1] = 1
Test result differs at line 1143, signal out[2] = 1
Test result differs at line 1143, signal out[3] = 1
Test result differs at line 1143, signal clk = 1
Test result differs at line 1143, signal rst_n = 1
Test result differs at line 1143, signal out[0] = 1
Test result differs at line 1158, signal out[1] = 1
Test result differs at line 1158, signal out[2] = 1
Test result differs at line 1158, signal out[3] = 1
Test result differs at line 1158, signal clk = 1
Test result differs at line 1158, signal rst_n = 1
Test result differs at line 1158, signal out[0] = 1
Test result differs at line 1159, signal out[1] = 1
Test result differs at line 1159, signal out[2] = 1
Test result differs at line 1159, signal out[3] = 1
Test result differs at line 1159, signal clk = 1
Test result differs at line 1159, signal rst_n = 1
Test result differs at line 1159, signal out[0] = 1
Test result differs at line 1174, signal out[1] = 1
Test result differs at line 1174, signal out[2] = 1
Test result differs at line 1174, signal out[3] = 1
Test result differs at line 1174, signal clk = 1
Test result differs at line 1174, signal rst_n = 1
Test result differs at line 1174, signal out[0] = 1
Test result differs at line 1175, signal out[1] = 1
Test result differs at line 1175, signal out[2] = 1
Test result differs at line 1175, signal out[3] = 1
Test result differs at line 1175, signal clk = 1
Test result differs at line 1175, signal rst_n = 1
Test result differs at line 1175, signal out[0] = 1
Test result differs at line 1190, signal out[1] = 1
Test result differs at line 1190, signal out[2] = 1
Test result differs at line 1190, signal out[3] = 1
Test result differs at line 1190, signal clk = 1
Test result differs at line 1190, signal rst_n = 1
Test result differs at line 1190, signal out[0] = 1
Test result differs at line 1191, signal out[1] = 1
Test result differs at line 1191, signal out[2] = 1
Test result differs at line 1191, signal out[3] = 1
Test result differs at line 1191, signal clk = 1
Test result differs at line 1191, signal rst_n = 1
Test result differs at line 1191, signal out[0] = 1
Test result differs at line 1206, signal out[1] = 1
Test result differs at line 1206, signal out[2] = 1
Test result differs at line 1206, signal out[3] = 1
Test result differs at line 1206, signal clk = 1
Test result differs at line 1206, signal rst_n = 1
Test result differs at line 1206, signal out[0] = 1
Test result differs at line 1207, signal out[1] = 1
Test result differs at line 1207, signal out[2] = 1
Test result differs at line 1207, signal out[3] = 1
Test result differs at line 1207, signal clk = 1
Test result differs at line 1207, signal rst_n = 1
Test result differs at line 1207, signal out[0] = 1
Test result differs at line 1222, signal out[1] = 1
Test result differs at line 1222, signal out[2] = 1
Test result differs at line 1222, signal out[3] = 1
Test result differs at line 1222, signal clk = 1
Test result differs at line 1222, signal rst_n = 1
Test result differs at line 1222, signal out[0] = 1
Test result differs at line 1223, signal out[1] = 1
Test result differs at line 1223, signal out[2] = 1
Test result differs at line 1223, signal out[3] = 1
Test result differs at line 1223, signal clk = 1
Test result differs at line 1223, signal rst_n = 1
Test result differs at line 1223, signal out[0] = 1
Test result differs at line 1238, signal out[1] = 1
Test result differs at line 1238, signal out[2] = 1
Test result differs at line 1238, signal out[3] = 1
Test result differs at line 1238, signal clk = 1
Test result differs at line 1238, signal rst_n = 1
Test result differs at line 1238, signal out[0] = 1
Test result differs at line 1239, signal out[1] = 1
Test result differs at line 1239, signal out[2] = 1
Test result differs at line 1239, signal out[3] = 1
Test result differs at line 1239, signal clk = 1
Test result differs at line 1239, signal rst_n = 1
Test result differs at line 1239, signal out[0] = 1
Test result differs at line 1254, signal out[1] = 1
Test result differs at line 1254, signal out[2] = 1
Test result differs at line 1254, signal out[3] = 1
Test result differs at line 1254, signal clk = 1
Test result differs at line 1254, signal rst_n = 1
Test result differs at line 1254, signal out[0] = 1
Test result differs at line 1255, signal out[1] = 1
Test result differs at line 1255, signal out[2] = 1
Test result differs at line 1255, signal out[3] = 1
Test result differs at line 1255, signal clk = 1
Test result differs at line 1255, signal rst_n = 1
Test result differs at line 1255, signal out[0] = 1
Test result differs at line 1270, signal out[1] = 1
Test result differs at line 1270, signal out[2] = 1
Test result differs at line 1270, signal out[3] = 1
Test result differs at line 1270, signal clk = 1
Test result differs at line 1270, signal rst_n = 1
Test result differs at line 1270, signal out[0] = 1
Test result differs at line 1271, signal out[1] = 1
Test result differs at line 1271, signal out[2] = 1
Test result differs at line 1271, signal out[3] = 1
Test result differs at line 1271, signal clk = 1
Test result differs at line 1271, signal rst_n = 1
Test result differs at line 1271, signal out[0] = 1
Test result differs at line 1286, signal out[1] = 1
Test result differs at line 1286, signal out[2] = 1
Test result differs at line 1286, signal out[3] = 1
Test result differs at line 1286, signal clk = 1
Test result differs at line 1286, signal rst_n = 1
Test result differs at line 1286, signal out[0] = 1
Test result differs at line 1287, signal out[1] = 1
Test result differs at line 1287, signal out[2] = 1
Test result differs at line 1287, signal out[3] = 1
Test result differs at line 1287, signal clk = 1
Test result differs at line 1287, signal rst_n = 1
Test result differs at line 1287, signal out[0] = 1
Test result differs at line 1302, signal out[1] = 1
Test result differs at line 1302, signal out[2] = 1
Test result differs at line 1302, signal out[3] = 1
Test result differs at line 1302, signal clk = 1
Test result differs at line 1302, signal rst_n = 1
Test result differs at line 1302, signal out[0] = 1
Test result differs at line 1303, signal out[1] = 1
Test result differs at line 1303, signal out[2] = 1
Test result differs at line 1303, signal out[3] = 1
Test result differs at line 1303, signal clk = 1
Test result differs at line 1303, signal rst_n = 1
Test result differs at line 1303, signal out[0] = 1
Test result differs at line 1318, signal out[1] = 1
Test result differs at line 1318, signal out[2] = 1
Test result differs at line 1318, signal out[3] = 1
Test result differs at line 1318, signal clk = 1
Test result differs at line 1318, signal rst_n = 1
Test result differs at line 1318, signal out[0] = 1
Test result differs at line 1319, signal out[1] = 1
Test result differs at line 1319, signal out[2] = 1
Test result differs at line 1319, signal out[3] = 1
Test result differs at line 1319, signal clk = 1
Test result differs at line 1319, signal rst_n = 1
Test result differs at line 1319, signal out[0] = 1
Test result differs at line 1334, signal out[1] = 1
Test result differs at line 1334, signal out[2] = 1
Test result differs at line 1334, signal out[3] = 1
Test result differs at line 1334, signal clk = 1
Test result differs at line 1334, signal rst_n = 1
Test result differs at line 1334, signal out[0] = 1
Test result differs at line 1335, signal out[1] = 1
Test result differs at line 1335, signal out[2] = 1
Test result differs at line 1335, signal out[3] = 1
Test result differs at line 1335, signal clk = 1
Test result differs at line 1335, signal rst_n = 1
Test result differs at line 1335, signal out[0] = 1
Test result differs at line 1350, signal out[1] = 1
Test result differs at line 1350, signal out[2] = 1
Test result differs at line 1350, signal out[3] = 1
Test result differs at line 1350, signal clk = 1
Test result differs at line 1350, signal rst_n = 1
Test result differs at line 1350, signal out[0] = 1
Test result differs at line 1351, signal out[1] = 1
Test result differs at line 1351, signal out[2] = 1
Test result differs at line 1351, signal out[3] = 1
Test result differs at line 1351, signal clk = 1
Test result differs at line 1351, signal rst_n = 1
Test result differs at line 1351, signal out[0] = 1
Test result differs at line 1366, signal out[1] = 1
Test result differs at line 1366, signal out[2] = 1
Test result differs at line 1366, signal out[3] = 1
Test result differs at line 1366, signal clk = 1
Test result differs at line 1366, signal rst_n = 1
Test result differs at line 1366, signal out[0] = 1
Test result differs at line 1367, signal out[1] = 1
Test result differs at line 1367, signal out[2] = 1
Test result differs at line 1367, signal out[3] = 1
Test result differs at line 1367, signal clk = 1
Test result differs at line 1367, signal rst_n = 1
Test result differs at line 1367, signal out[0] = 1
Test result differs at line 1382, signal out[1] = 1
Test result differs at line 1382, signal out[2] = 1
Test result differs at line 1382, signal out[3] = 1
Test result differs at line 1382, signal clk = 1
Test result differs at line 1382, signal rst_n = 1
Test result differs at line 1382, signal out[0] = 1
Test result differs at line 1383, signal out[1] = 1
Test result differs at line 1383, signal out[2] = 1
Test result differs at line 1383, signal out[3] = 1
Test result differs at line 1383, signal clk = 1
Test result differs at line 1383, signal rst_n = 1
Test result differs at line 1383, signal out[0] = 1
Test result differs at line 1398, signal out[1] = 1
Test result differs at line 1398, signal out[2] = 1
Test result differs at line 1398, signal out[3] = 1
Test result differs at line 1398, signal clk = 1
Test result differs at line 1398, signal rst_n = 1
Test result differs at line 1398, signal out[0] = 1
Test result differs at line 1399, signal out[1] = 1
Test result differs at line 1399, signal out[2] = 1
Test result differs at line 1399, signal out[3] = 1
Test result differs at line 1399, signal clk = 1
Test result differs at line 1399, signal rst_n = 1
Test result differs at line 1399, signal out[0] = 1
Test result differs at line 1414, signal out[1] = 1
Test result differs at line 1414, signal out[2] = 1
Test result differs at line 1414, signal out[3] = 1
Test result differs at line 1414, signal clk = 1
Test result differs at line 1414, signal rst_n = 1
Test result differs at line 1414, signal out[0] = 1
Test result differs at line 1415, signal out[1] = 1
Test result differs at line 1415, signal out[2] = 1
Test result differs at line 1415, signal out[3] = 1
Test result differs at line 1415, signal clk = 1
Test result differs at line 1415, signal rst_n = 1
Test result differs at line 1415, signal out[0] = 1
Test result differs at line 1430, signal out[1] = 1
Test result differs at line 1430, signal out[2] = 1
Test result differs at line 1430, signal out[3] = 1
Test result differs at line 1430, signal clk = 1
Test result differs at line 1430, signal rst_n = 1
Test result differs at line 1430, signal out[0] = 1
Test result differs at line 1431, signal out[1] = 1
Test result differs at line 1431, signal out[2] = 1
Test result differs at line 1431, signal out[3] = 1
Test result differs at line 1431, signal clk = 1
Test result differs at line 1431, signal rst_n = 1
Test result differs at line 1431, signal out[0] = 1
Test result differs at line 1446, signal out[1] = 1
Test result differs at line 1446, signal out[2] = 1
Test result differs at line 1446, signal out[3] = 1
Test result differs at line 1446, signal clk = 1
Test result differs at line 1446, signal rst_n = 1
Test result differs at line 1446, signal out[0] = 1
Test result differs at line 1447, signal out[1] = 1
Test result differs at line 1447, signal out[2] = 1
Test result differs at line 1447, signal out[3] = 1
Test result differs at line 1447, signal clk = 1
Test result differs at line 1447, signal rst_n = 1
Test result differs at line 1447, signal out[0] = 1
Test result differs at line 1462, signal out[1] = 1
Test result differs at line 1462, signal out[2] = 1
Test result differs at line 1462, signal out[3] = 1
Test result differs at line 1462, signal clk = 1
Test result differs at line 1462, signal rst_n = 1
Test result differs at line 1462, signal out[0] = 1
Test result differs at line 1463, signal out[1] = 1
Test result differs at line 1463, signal out[2] = 1
Test result differs at line 1463, signal out[3] = 1
Test result differs at line 1463, signal clk = 1
Test result differs at line 1463, signal rst_n = 1
Test result differs at line 1463, signal out[0] = 1
Test result differs at line 1478, signal out[1] = 1
Test result differs at line 1478, signal out[2] = 1
Test result differs at line 1478, signal out[3] = 1
Test result differs at line 1478, signal clk = 1
Test result differs at line 1478, signal rst_n = 1
Test result differs at line 1478, signal out[0] = 1
Test result differs at line 1479, signal out[1] = 1
Test result differs at line 1479, signal out[2] = 1
Test result differs at line 1479, signal out[3] = 1
Test result differs at line 1479, signal clk = 1
Test result differs at line 1479, signal rst_n = 1
Test result differs at line 1479, signal out[0] = 1
Test result differs at line 1494, signal out[1] = 1
Test result differs at line 1494, signal out[2] = 1
Test result differs at line 1494, signal out[3] = 1
Test result differs at line 1494, signal clk = 1
Test result differs at line 1494, signal rst_n = 1
Test result differs at line 1494, signal out[0] = 1
Test result differs at line 1495, signal out[1] = 1
Test result differs at line 1495, signal out[2] = 1
Test result differs at line 1495, signal out[3] = 1
Test result differs at line 1495, signal clk = 1
Test result differs at line 1495, signal rst_n = 1
Test result differs at line 1495, signal out[0] = 1
Test result differs at line 1510, signal out[1] = 1
Test result differs at line 1510, signal out[2] = 1
Test result differs at line 1510, signal out[3] = 1
Test result differs at line 1510, signal clk = 1
Test result differs at line 1510, signal rst_n = 1
Test result differs at line 1510, signal out[0] = 1
Test result differs at line 1511, signal out[1] = 1
Test result differs at line 1511, signal out[2] = 1
Test result differs at line 1511, signal out[3] = 1
Test result differs at line 1511, signal clk = 1
Test result differs at line 1511, signal rst_n = 1
Test result differs at line 1511, signal out[0] = 1
Test result differs at line 1526, signal out[1] = 1
Test result differs at line 1526, signal out[2] = 1
Test result differs at line 1526, signal out[3] = 1
Test result differs at line 1526, signal clk = 1
Test result differs at line 1526, signal rst_n = 1
Test result differs at line 1526, signal out[0] = 1
Test result differs at line 1527, signal out[1] = 1
Test result differs at line 1527, signal out[2] = 1
Test result differs at line 1527, signal out[3] = 1
Test result differs at line 1527, signal clk = 1
Test result differs at line 1527, signal rst_n = 1
Test result differs at line 1527, signal out[0] = 1
Test result differs at line 1542, signal out[1] = 1
Test result differs at line 1542, signal out[2] = 1
Test result differs at line 1542, signal out[3] = 1
Test result differs at line 1542, signal clk = 1
Test result differs at line 1542, signal rst_n = 1
Test result differs at line 1542, signal out[0] = 1
Test result differs at line 1543, signal out[1] = 1
Test result differs at line 1543, signal out[2] = 1
Test result differs at line 1543, signal out[3] = 1
Test result differs at line 1543, signal clk = 1
Test result differs at line 1543, signal rst_n = 1
Test result differs at line 1543, signal out[0] = 1
Test result differs at line 1558, signal out[1] = 1
Test result differs at line 1558, signal out[2] = 1
Test result differs at line 1558, signal out[3] = 1
Test result differs at line 1558, signal clk = 1
Test result differs at line 1558, signal rst_n = 1
Test result differs at line 1558, signal out[0] = 1
Test result differs at line 1559, signal out[1] = 1
Test result differs at line 1559, signal out[2] = 1
Test result differs at line 1559, signal out[3] = 1
Test result differs at line 1559, signal clk = 1
Test result differs at line 1559, signal rst_n = 1
Test result differs at line 1559, signal out[0] = 1
Test result differs at line 1574, signal out[1] = 1
Test result differs at line 1574, signal out[2] = 1
Test result differs at line 1574, signal out[3] = 1
Test result differs at line 1574, signal clk = 1
Test result differs at line 1574, signal rst_n = 1
Test result differs at line 1574, signal out[0] = 1
Test result differs at line 1575, signal out[1] = 1
Test result differs at line 1575, signal out[2] = 1
Test result differs at line 1575, signal out[3] = 1
Test result differs at line 1575, signal clk = 1
Test result differs at line 1575, signal rst_n = 1
Test result differs at line 1575, signal out[0] = 1
Test result differs at line 1590, signal out[1] = 1
Test result differs at line 1590, signal out[2] = 1
Test result differs at line 1590, signal out[3] = 1
Test result differs at line 1590, signal clk = 1
Test result differs at line 1590, signal rst_n = 1
Test result differs at line 1590, signal out[0] = 1
Test result differs at line 1591, signal out[1] = 1
Test result differs at line 1591, signal out[2] = 1
Test result differs at line 1591, signal out[3] = 1
Test result differs at line 1591, signal clk = 1
Test result differs at line 1591, signal rst_n = 1
Test result differs at line 1591, signal out[0] = 1
Test result differs at line 1606, signal out[1] = 1
Test result differs at line 1606, signal out[2] = 1
Test result differs at line 1606, signal out[3] = 1
Test result differs at line 1606, signal clk = 1
Test result differs at line 1606, signal rst_n = 1
Test result differs at line 1606, signal out[0] = 1
Test result differs at line 1607, signal out[1] = 1
Test result differs at line 1607, signal out[2] = 1
Test result differs at line 1607, signal out[3] = 1
Test result differs at line 1607, signal clk = 1
Test result differs at line 1607, signal rst_n = 1
Test result differs at line 1607, signal out[0] = 1
Test result differs at line 1622, signal out[1] = 1
Test result differs at line 1622, signal out[2] = 1
Test result differs at line 1622, signal out[3] = 1
Test result differs at line 1622, signal clk = 1
Test result differs at line 1622, signal rst_n = 1
Test result differs at line 1622, signal out[0] = 1
Test result differs at line 1623, signal out[1] = 1
Test result differs at line 1623, signal out[2] = 1
Test result differs at line 1623, signal out[3] = 1
Test result differs at line 1623, signal clk = 1
Test result differs at line 1623, signal rst_n = 1
Test result differs at line 1623, signal out[0] = 1
Test result differs at line 1638, signal out[1] = 1
Test result differs at line 1638, signal out[2] = 1
Test result differs at line 1638, signal out[3] = 1
Test result differs at line 1638, signal clk = 1
Test result differs at line 1638, signal rst_n = 1
Test result differs at line 1638, signal out[0] = 1
Test result differs at line 1639, signal out[1] = 1
Test result differs at line 1639, signal out[2] = 1
Test result differs at line 1639, signal out[3] = 1
Test result differs at line 1639, signal clk = 1
Test result differs at line 1639, signal rst_n = 1
Test result differs at line 1639, signal out[0] = 1
Test result differs at line 1654, signal out[1] = 1
Test result differs at line 1654, signal out[2] = 1
Test result differs at line 1654, signal out[3] = 1
Test result differs at line 1654, signal clk = 1
Test result differs at line 1654, signal rst_n = 1
Test result differs at line 1654, signal out[0] = 1
Test result differs at line 1655, signal out[1] = 1
Test result differs at line 1655, signal out[2] = 1
Test result differs at line 1655, signal out[3] = 1
Test result differs at line 1655, signal clk = 1
Test result differs at line 1655, signal rst_n = 1
Test result differs at line 1655, signal out[0] = 1
Test result differs at line 1670, signal out[1] = 1
Test result differs at line 1670, signal out[2] = 1
Test result differs at line 1670, signal out[3] = 1
Test result differs at line 1670, signal clk = 1
Test result differs at line 1670, signal rst_n = 1
Test result differs at line 1670, signal out[0] = 1
Test result differs at line 1671, signal out[1] = 1
Test result differs at line 1671, signal out[2] = 1
Test result differs at line 1671, signal out[3] = 1
Test result differs at line 1671, signal clk = 1
Test result differs at line 1671, signal rst_n = 1
Test result differs at line 1671, signal out[0] = 1
Test result differs at line 1686, signal out[1] = 1
Test result differs at line 1686, signal out[2] = 1
Test result differs at line 1686, signal out[3] = 1
Test result differs at line 1686, signal clk = 1
Test result differs at line 1686, signal rst_n = 1
Test result differs at line 1686, signal out[0] = 1
Test result differs at line 1687, signal out[1] = 1
Test result differs at line 1687, signal out[2] = 1
Test result differs at line 1687, signal out[3] = 1
Test result differs at line 1687, signal clk = 1
Test result differs at line 1687, signal rst_n = 1
Test result differs at line 1687, signal out[0] = 1
Test result differs at line 1702, signal out[1] = 1
Test result differs at line 1702, signal out[2] = 1
Test result differs at line 1702, signal out[3] = 1
Test result differs at line 1702, signal clk = 1
Test result differs at line 1702, signal rst_n = 1
Test result differs at line 1702, signal out[0] = 1
Test result differs at line 1703, signal out[1] = 1
Test result differs at line 1703, signal out[2] = 1
Test result differs at line 1703, signal out[3] = 1
Test result differs at line 1703, signal clk = 1
Test result differs at line 1703, signal rst_n = 1
Test result differs at line 1703, signal out[0] = 1
Test result differs at line 1718, signal out[1] = 1
Test result differs at line 1718, signal out[2] = 1
Test result differs at line 1718, signal out[3] = 1
Test result differs at line 1718, signal clk = 1
Test result differs at line 1718, signal rst_n = 1
Test result differs at line 1718, signal out[0] = 1
Test result differs at line 1719, signal out[1] = 1
Test result differs at line 1719, signal out[2] = 1
Test result differs at line 1719, signal out[3] = 1
Test result differs at line 1719, signal clk = 1
Test result differs at line 1719, signal rst_n = 1
Test result differs at line 1719, signal out[0] = 1
Test result differs at line 1734, signal out[1] = 1
Test result differs at line 1734, signal out[2] = 1
Test result differs at line 1734, signal out[3] = 1
Test result differs at line 1734, signal clk = 1
Test result differs at line 1734, signal rst_n = 1
Test result differs at line 1734, signal out[0] = 1
Test result differs at line 1735, signal out[1] = 1
Test result differs at line 1735, signal out[2] = 1
Test result differs at line 1735, signal out[3] = 1
Test result differs at line 1735, signal clk = 1
Test result differs at line 1735, signal rst_n = 1
Test result differs at line 1735, signal out[0] = 1
Test result differs at line 1750, signal out[1] = 1
Test result differs at line 1750, signal out[2] = 1
Test result differs at line 1750, signal out[3] = 1
Test result differs at line 1750, signal clk = 1
Test result differs at line 1750, signal rst_n = 1
Test result differs at line 1750, signal out[0] = 1
Test result differs at line 1751, signal out[1] = 1
Test result differs at line 1751, signal out[2] = 1
Test result differs at line 1751, signal out[3] = 1
Test result differs at line 1751, signal clk = 1
Test result differs at line 1751, signal rst_n = 1
Test result differs at line 1751, signal out[0] = 1
Test result differs at line 1766, signal out[1] = 1
Test result differs at line 1766, signal out[2] = 1
Test result differs at line 1766, signal out[3] = 1
Test result differs at line 1766, signal clk = 1
Test result differs at line 1766, signal rst_n = 1
Test result differs at line 1766, signal out[0] = 1
Test result differs at line 1767, signal out[1] = 1
Test result differs at line 1767, signal out[2] = 1
Test result differs at line 1767, signal out[3] = 1
Test result differs at line 1767, signal clk = 1
Test result differs at line 1767, signal rst_n = 1
Test result differs at line 1767, signal out[0] = 1
Test result differs at line 1782, signal out[1] = 1
Test result differs at line 1782, signal out[2] = 1
Test result differs at line 1782, signal out[3] = 1
Test result differs at line 1782, signal clk = 1
Test result differs at line 1782, signal rst_n = 1
Test result differs at line 1782, signal out[0] = 1
Test result differs at line 1783, signal out[1] = 1
Test result differs at line 1783, signal out[2] = 1
Test result differs at line 1783, signal out[3] = 1
Test result differs at line 1783, signal clk = 1
Test result differs at line 1783, signal rst_n = 1
Test result differs at line 1783, signal out[0] = 1
Test result differs at line 1798, signal out[1] = 1
Test result differs at line 1798, signal out[2] = 1
Test result differs at line 1798, signal out[3] = 1
Test result differs at line 1798, signal clk = 1
Test result differs at line 1798, signal rst_n = 1
Test result differs at line 1798, signal out[0] = 1
Test result differs at line 1799, signal out[1] = 1
Test result differs at line 1799, signal out[2] = 1
Test result differs at line 1799, signal out[3] = 1
Test result differs at line 1799, signal clk = 1
Test result differs at line 1799, signal rst_n = 1
Test result differs at line 1799, signal out[0] = 1
Test result differs at line 1814, signal out[1] = 1
Test result differs at line 1814, signal out[2] = 1
Test result differs at line 1814, signal out[3] = 1
Test result differs at line 1814, signal clk = 1
Test result differs at line 1814, signal rst_n = 1
Test result differs at line 1814, signal out[0] = 1
Test result differs at line 1815, signal out[1] = 1
Test result differs at line 1815, signal out[2] = 1
Test result differs at line 1815, signal out[3] = 1
Test result differs at line 1815, signal clk = 1
Test result differs at line 1815, signal rst_n = 1
Test result differs at line 1815, signal out[0] = 1
Test result differs at line 1830, signal out[1] = 1
Test result differs at line 1830, signal out[2] = 1
Test result differs at line 1830, signal out[3] = 1
Test result differs at line 1830, signal clk = 1
Test result differs at line 1830, signal rst_n = 1
Test result differs at line 1830, signal out[0] = 1
Test result differs at line 1831, signal out[1] = 1
Test result differs at line 1831, signal out[2] = 1
Test result differs at line 1831, signal out[3] = 1
Test result differs at line 1831, signal clk = 1
Test result differs at line 1831, signal rst_n = 1
Test result differs at line 1831, signal out[0] = 1
Test result differs at line 1846, signal out[1] = 1
Test result differs at line 1846, signal out[2] = 1
Test result differs at line 1846, signal out[3] = 1
Test result differs at line 1846, signal clk = 1
Test result differs at line 1846, signal rst_n = 1
Test result differs at line 1846, signal out[0] = 1
Test result differs at line 1847, signal out[1] = 1
Test result differs at line 1847, signal out[2] = 1
Test result differs at line 1847, signal out[3] = 1
Test result differs at line 1847, signal clk = 1
Test result differs at line 1847, signal rst_n = 1
Test result differs at line 1847, signal out[0] = 1
Test result differs at line 1862, signal out[1] = 1
Test result differs at line 1862, signal out[2] = 1
Test result differs at line 1862, signal out[3] = 1
Test result differs at line 1862, signal clk = 1
Test result differs at line 1862, signal rst_n = 1
Test result differs at line 1862, signal out[0] = 1
Test result differs at line 1863, signal out[1] = 1
Test result differs at line 1863, signal out[2] = 1
Test result differs at line 1863, signal out[3] = 1
Test result differs at line 1863, signal clk = 1
Test result differs at line 1863, signal rst_n = 1
Test result differs at line 1863, signal out[0] = 1
Test result differs at line 1878, signal out[1] = 1
Test result differs at line 1878, signal out[2] = 1
Test result differs at line 1878, signal out[3] = 1
Test result differs at line 1878, signal clk = 1
Test result differs at line 1878, signal rst_n = 1
Test result differs at line 1878, signal out[0] = 1
Test result differs at line 1879, signal out[1] = 1
Test result differs at line 1879, signal out[2] = 1
Test result differs at line 1879, signal out[3] = 1
Test result differs at line 1879, signal clk = 1
Test result differs at line 1879, signal rst_n = 1
Test result differs at line 1879, signal out[0] = 1
Test result differs at line 1894, signal out[1] = 1
Test result differs at line 1894, signal out[2] = 1
Test result differs at line 1894, signal out[3] = 1
Test result differs at line 1894, signal clk = 1
Test result differs at line 1894, signal rst_n = 1
Test result differs at line 1894, signal out[0] = 1
Test result differs at line 1895, signal out[1] = 1
Test result differs at line 1895, signal out[2] = 1
Test result differs at line 1895, signal out[3] = 1
Test result differs at line 1895, signal clk = 1
Test result differs at line 1895, signal rst_n = 1
Test result differs at line 1895, signal out[0] = 1
Test result differs at line 1910, signal out[1] = 1
Test result differs at line 1910, signal out[2] = 1
Test result differs at line 1910, signal out[3] = 1
Test result differs at line 1910, signal clk = 1
Test result differs at line 1910, signal rst_n = 1
Test result differs at line 1910, signal out[0] = 1
Test result differs at line 1911, signal out[1] = 1
Test result differs at line 1911, signal out[2] = 1
Test result differs at line 1911, signal out[3] = 1
Test result differs at line 1911, signal clk = 1
Test result differs at line 1911, signal rst_n = 1
Test result differs at line 1911, signal out[0] = 1
Test result differs at line 1926, signal out[1] = 1
Test result differs at line 1926, signal out[2] = 1
Test result differs at line 1926, signal out[3] = 1
Test result differs at line 1926, signal clk = 1
Test result differs at line 1926, signal rst_n = 1
Test result differs at line 1926, signal out[0] = 1
Test result differs at line 1927, signal out[1] = 1
Test result differs at line 1927, signal out[2] = 1
Test result differs at line 1927, signal out[3] = 1
Test result differs at line 1927, signal clk = 1
Test result differs at line 1927, signal rst_n = 1
Test result differs at line 1927, signal out[0] = 1
Test result differs at line 1942, signal out[1] = 1
Test result differs at line 1942, signal out[2] = 1
Test result differs at line 1942, signal out[3] = 1
Test result differs at line 1942, signal clk = 1
Test result differs at line 1942, signal rst_n = 1
Test result differs at line 1942, signal out[0] = 1
Test result differs at line 1943, signal out[1] = 1
Test result differs at line 1943, signal out[2] = 1
Test result differs at line 1943, signal out[3] = 1
Test result differs at line 1943, signal clk = 1
Test result differs at line 1943, signal rst_n = 1
Test result differs at line 1943, signal out[0] = 1
Test result differs at line 1958, signal out[1] = 1
Test result differs at line 1958, signal out[2] = 1
Test result differs at line 1958, signal out[3] = 1
Test result differs at line 1958, signal clk = 1
Test result differs at line 1958, signal rst_n = 1
Test result differs at line 1958, signal out[0] = 1
Test result differs at line 1959, signal out[1] = 1
Test result differs at line 1959, signal out[2] = 1
Test result differs at line 1959, signal out[3] = 1
Test result differs at line 1959, signal clk = 1
Test result differs at line 1959, signal rst_n = 1
Test result differs at line 1959, signal out[0] = 1
Test result differs at line 1974, signal out[1] = 1
Test result differs at line 1974, signal out[2] = 1
Test result differs at line 1974, signal out[3] = 1
Test result differs at line 1974, signal clk = 1
Test result differs at line 1974, signal rst_n = 1
Test result differs at line 1974, signal out[0] = 1
Test result differs at line 1975, signal out[1] = 1
Test result differs at line 1975, signal out[2] = 1
Test result differs at line 1975, signal out[3] = 1
Test result differs at line 1975, signal clk = 1
Test result differs at line 1975, signal rst_n = 1
Test result differs at line 1975, signal out[0] = 1
Test result differs at line 1990, signal out[1] = 1
Test result differs at line 1990, signal out[2] = 1
Test result differs at line 1990, signal out[3] = 1
Test result differs at line 1990, signal clk = 1
Test result differs at line 1990, signal rst_n = 1
Test result differs at line 1990, signal out[0] = 1
Test result differs at line 1991, signal out[1] = 1
Test result differs at line 1991, signal out[2] = 1
Test result differs at line 1991, signal out[3] = 1
Test result differs at line 1991, signal clk = 1
Test result differs at line 1991, signal rst_n = 1
Test result differs at line 1991, signal out[0] = 1
Test result differs at line 2006, signal out[1] = 1
Test result differs at line 2006, signal out[2] = 1
Test result differs at line 2006, signal out[3] = 1
Test result differs at line 2006, signal clk = 1
Test result differs at line 2006, signal rst_n = 1
Test result differs at line 2006, signal out[0] = 1
Test result differs at line 2007, signal out[1] = 1
Test result differs at line 2007, signal out[2] = 1
Test result differs at line 2007, signal out[3] = 1
Test result differs at line 2007, signal clk = 1
Test result differs at line 2007, signal rst_n = 1
Test result differs at line 2007, signal out[0] = 1
Test result differs at line 2022, signal out[1] = 1
Test result differs at line 2022, signal out[2] = 1
Test result differs at line 2022, signal out[3] = 1
Test result differs at line 2022, signal clk = 1
Test result differs at line 2022, signal rst_n = 1
Test result differs at line 2022, signal out[0] = 1
Test result differs at line 2023, signal out[1] = 1
Test result differs at line 2023, signal out[2] = 1
Test result differs at line 2023, signal out[3] = 1
Test result differs at line 2023, signal clk = 1
Test result differs at line 2023, signal rst_n = 1
Test result differs at line 2023, signal out[0] = 1
Test result differs at line 2038, signal out[1] = 1
Test result differs at line 2038, signal out[2] = 1
Test result differs at line 2038, signal out[3] = 1
Test result differs at line 2038, signal clk = 1
Test result differs at line 2038, signal rst_n = 1
Test result differs at line 2038, signal out[0] = 1
Test result differs at line 2039, signal out[1] = 1
Test result differs at line 2039, signal out[2] = 1
Test result differs at line 2039, signal out[3] = 1
Test result differs at line 2039, signal clk = 1
Test result differs at line 2039, signal rst_n = 1
Test result differs at line 2039, signal out[0] = 1
Test result differs at line 2054, signal out[1] = 1
Test result differs at line 2054, signal out[2] = 1
Test result differs at line 2054, signal out[3] = 1
Test result differs at line 2054, signal clk = 1
Test result differs at line 2054, signal rst_n = 1
Test result differs at line 2054, signal out[0] = 1
Test result differs at line 2055, signal out[1] = 1
Test result differs at line 2055, signal out[2] = 1
Test result differs at line 2055, signal out[3] = 1
Test result differs at line 2055, signal clk = 1
Test result differs at line 2055, signal rst_n = 1
Test result differs at line 2055, signal out[0] = 1
Test result differs at line 2070, signal out[1] = 1
Test result differs at line 2070, signal out[2] = 1
Test result differs at line 2070, signal out[3] = 1
Test result differs at line 2070, signal clk = 1
Test result differs at line 2070, signal rst_n = 1
Test result differs at line 2070, signal out[0] = 1
Test result differs at line 2071, signal out[1] = 1
Test result differs at line 2071, signal out[2] = 1
Test result differs at line 2071, signal out[3] = 1
Test result differs at line 2071, signal clk = 1
Test result differs at line 2071, signal rst_n = 1
Test result differs at line 2071, signal out[0] = 1
Test result differs at line 2086, signal out[1] = 1
Test result differs at line 2086, signal out[2] = 1
Test result differs at line 2086, signal out[3] = 1
Test result differs at line 2086, signal clk = 1
Test result differs at line 2086, signal rst_n = 1
Test result differs at line 2086, signal out[0] = 1
Test result differs at line 2087, signal out[1] = 1
Test result differs at line 2087, signal out[2] = 1
Test result differs at line 2087, signal out[3] = 1
Test result differs at line 2087, signal clk = 1
Test result differs at line 2087, signal rst_n = 1
Test result differs at line 2087, signal out[0] = 1
Test result differs at line 2102, signal out[1] = 1
Test result differs at line 2102, signal out[2] = 1
Test result differs at line 2102, signal out[3] = 1
Test result differs at line 2102, signal clk = 1
Test result differs at line 2102, signal rst_n = 1
Test result differs at line 2102, signal out[0] = 1
Test result differs at line 2103, signal out[1] = 1
Test result differs at line 2103, signal out[2] = 1
Test result differs at line 2103, signal out[3] = 1
Test result differs at line 2103, signal clk = 1
Test result differs at line 2103, signal rst_n = 1
Test result differs at line 2103, signal out[0] = 1
Test result differs at line 2118, signal out[1] = 1
Test result differs at line 2118, signal out[2] = 1
Test result differs at line 2118, signal out[3] = 1
Test result differs at line 2118, signal clk = 1
Test result differs at line 2118, signal rst_n = 1
Test result differs at line 2118, signal out[0] = 1
Test result differs at line 2119, signal out[1] = 1
Test result differs at line 2119, signal out[2] = 1
Test result differs at line 2119, signal out[3] = 1
Test result differs at line 2119, signal clk = 1
Test result differs at line 2119, signal rst_n = 1
Test result differs at line 2119, signal out[0] = 1
Test result differs at line 2134, signal out[1] = 1
Test result differs at line 2134, signal out[2] = 1
Test result differs at line 2134, signal out[3] = 1
Test result differs at line 2134, signal clk = 1
Test result differs at line 2134, signal rst_n = 1
Test result differs at line 2134, signal out[0] = 1
Test result differs at line 2135, signal out[1] = 1
Test result differs at line 2135, signal out[2] = 1
Test result differs at line 2135, signal out[3] = 1
Test result differs at line 2135, signal clk = 1
Test result differs at line 2135, signal rst_n = 1
Test result differs at line 2135, signal out[0] = 1
Test result differs at line 2150, signal out[1] = 1
Test result differs at line 2150, signal out[2] = 1
Test result differs at line 2150, signal out[3] = 1
Test result differs at line 2150, signal clk = 1
Test result differs at line 2150, signal rst_n = 1
Test result differs at line 2150, signal out[0] = 1
Test result differs at line 2151, signal out[1] = 1
Test result differs at line 2151, signal out[2] = 1
Test result differs at line 2151, signal out[3] = 1
Test result differs at line 2151, signal clk = 1
Test result differs at line 2151, signal rst_n = 1
Test result differs at line 2151, signal out[0] = 1
Test result differs at line 2166, signal out[1] = 1
Test result differs at line 2166, signal out[2] = 1
Test result differs at line 2166, signal out[3] = 1
Test result differs at line 2166, signal clk = 1
Test result differs at line 2166, signal rst_n = 1
Test result differs at line 2166, signal out[0] = 1
Test result differs at line 2167, signal out[1] = 1
Test result differs at line 2167, signal out[2] = 1
Test result differs at line 2167, signal out[3] = 1
Test result differs at line 2167, signal clk = 1
Test result differs at line 2167, signal rst_n = 1
Test result differs at line 2167, signal out[0] = 1
Test result differs at line 2182, signal out[1] = 1
Test result differs at line 2182, signal out[2] = 1
Test result differs at line 2182, signal out[3] = 1
Test result differs at line 2182, signal clk = 1
Test result differs at line 2182, signal rst_n = 1
Test result differs at line 2182, signal out[0] = 1
Test result differs at line 2183, signal out[1] = 1
Test result differs at line 2183, signal out[2] = 1
Test result differs at line 2183, signal out[3] = 1
Test result differs at line 2183, signal clk = 1
Test result differs at line 2183, signal rst_n = 1
Test result differs at line 2183, signal out[0] = 1
Test result differs at line 2198, signal out[1] = 1
Test result differs at line 2198, signal out[2] = 1
Test result differs at line 2198, signal out[3] = 1
Test result differs at line 2198, signal clk = 1
Test result differs at line 2198, signal rst_n = 1
Test result differs at line 2198, signal out[0] = 1
Test result differs at line 2199, signal out[1] = 1
Test result differs at line 2199, signal out[2] = 1
Test result differs at line 2199, signal out[3] = 1
Test result differs at line 2199, signal clk = 1
Test result differs at line 2199, signal rst_n = 1
Test result differs at line 2199, signal out[0] = 1
Test result differs at line 2214, signal out[1] = 1
Test result differs at line 2214, signal out[2] = 1
Test result differs at line 2214, signal out[3] = 1
Test result differs at line 2214, signal clk = 1
Test result differs at line 2214, signal rst_n = 1
Test result differs at line 2214, signal out[0] = 1
Test result differs at line 2215, signal out[1] = 1
Test result differs at line 2215, signal out[2] = 1
Test result differs at line 2215, signal out[3] = 1
Test result differs at line 2215, signal clk = 1
Test result differs at line 2215, signal rst_n = 1
Test result differs at line 2215, signal out[0] = 1
Test result differs at line 2230, signal out[1] = 1
Test result differs at line 2230, signal out[2] = 1
Test result differs at line 2230, signal out[3] = 1
Test result differs at line 2230, signal clk = 1
Test result differs at line 2230, signal rst_n = 1
Test result differs at line 2230, signal out[0] = 1
Test result differs at line 2231, signal out[1] = 1
Test result differs at line 2231, signal out[2] = 1
Test result differs at line 2231, signal out[3] = 1
Test result differs at line 2231, signal clk = 1
Test result differs at line 2231, signal rst_n = 1
Test result differs at line 2231, signal out[0] = 1
Test result differs at line 2246, signal out[1] = 1
Test result differs at line 2246, signal out[2] = 1
Test result differs at line 2246, signal out[3] = 1
Test result differs at line 2246, signal clk = 1
Test result differs at line 2246, signal rst_n = 1
Test result differs at line 2246, signal out[0] = 1
Test result differs at line 2247, signal out[1] = 1
Test result differs at line 2247, signal out[2] = 1
Test result differs at line 2247, signal out[3] = 1
Test result differs at line 2247, signal clk = 1
Test result differs at line 2247, signal rst_n = 1
Test result differs at line 2247, signal out[0] = 1
Test result differs at line 2262, signal out[1] = 1
Test result differs at line 2262, signal out[2] = 1
Test result differs at line 2262, signal out[3] = 1
Test result differs at line 2262, signal clk = 1
Test result differs at line 2262, signal rst_n = 1
Test result differs at line 2262, signal out[0] = 1
Test result differs at line 2263, signal out[1] = 1
Test result differs at line 2263, signal out[2] = 1
Test result differs at line 2263, signal out[3] = 1
Test result differs at line 2263, signal clk = 1
Test result differs at line 2263, signal rst_n = 1
Test result differs at line 2263, signal out[0] = 1
Test result differs at line 2278, signal out[1] = 1
Test result differs at line 2278, signal out[2] = 1
Test result differs at line 2278, signal out[3] = 1
Test result differs at line 2278, signal clk = 1
Test result differs at line 2278, signal rst_n = 1
Test result differs at line 2278, signal out[0] = 1
Test result differs at line 2279, signal out[1] = 1
Test result differs at line 2279, signal out[2] = 1
Test result differs at line 2279, signal out[3] = 1
Test result differs at line 2279, signal clk = 1
Test result differs at line 2279, signal rst_n = 1
Test result differs at line 2279, signal out[0] = 1
Test result differs at line 2294, signal out[1] = 1
Test result differs at line 2294, signal out[2] = 1
Test result differs at line 2294, signal out[3] = 1
Test result differs at line 2294, signal clk = 1
Test result differs at line 2294, signal rst_n = 1
Test result differs at line 2294, signal out[0] = 1
Test result differs at line 2295, signal out[1] = 1
Test result differs at line 2295, signal out[2] = 1
Test result differs at line 2295, signal out[3] = 1
Test result differs at line 2295, signal clk = 1
Test result differs at line 2295, signal rst_n = 1
Test result differs at line 2295, signal out[0] = 1
Test result differs at line 2310, signal out[1] = 1
Test result differs at line 2310, signal out[2] = 1
Test result differs at line 2310, signal out[3] = 1
Test result differs at line 2310, signal clk = 1
Test result differs at line 2310, signal rst_n = 1
Test result differs at line 2310, signal out[0] = 1
Test result differs at line 2311, signal out[1] = 1
Test result differs at line 2311, signal out[2] = 1
Test result differs at line 2311, signal out[3] = 1
Test result differs at line 2311, signal clk = 1
Test result differs at line 2311, signal rst_n = 1
Test result differs at line 2311, signal out[0] = 1
Test result differs at line 2326, signal out[1] = 1
Test result differs at line 2326, signal out[2] = 1
Test result differs at line 2326, signal out[3] = 1
Test result differs at line 2326, signal clk = 1
Test result differs at line 2326, signal rst_n = 1
Test result differs at line 2326, signal out[0] = 1
Test result differs at line 2327, signal out[1] = 1
Test result differs at line 2327, signal out[2] = 1
Test result differs at line 2327, signal out[3] = 1
Test result differs at line 2327, signal clk = 1
Test result differs at line 2327, signal rst_n = 1
Test result differs at line 2327, signal out[0] = 1
Test result differs at line 2342, signal out[1] = 1
Test result differs at line 2342, signal out[2] = 1
Test result differs at line 2342, signal out[3] = 1
Test result differs at line 2342, signal clk = 1
Test result differs at line 2342, signal rst_n = 1
Test result differs at line 2342, signal out[0] = 1
Test result differs at line 2343, signal out[1] = 1
Test result differs at line 2343, signal out[2] = 1
Test result differs at line 2343, signal out[3] = 1
Test result differs at line 2343, signal clk = 1
Test result differs at line 2343, signal rst_n = 1
Test result differs at line 2343, signal out[0] = 1
Test result differs at line 2358, signal out[1] = 1
Test result differs at line 2358, signal out[2] = 1
Test result differs at line 2358, signal out[3] = 1
Test result differs at line 2358, signal clk = 1
Test result differs at line 2358, signal rst_n = 1
Test result differs at line 2358, signal out[0] = 1
Test result differs at line 2359, signal out[1] = 1
Test result differs at line 2359, signal out[2] = 1
Test result differs at line 2359, signal out[3] = 1
Test result differs at line 2359, signal clk = 1
Test result differs at line 2359, signal rst_n = 1
Test result differs at line 2359, signal out[0] = 1
Test result differs at line 2374, signal out[1] = 1
Test result differs at line 2374, signal out[2] = 1
Test result differs at line 2374, signal out[3] = 1
Test result differs at line 2374, signal clk = 1
Test result differs at line 2374, signal rst_n = 1
Test result differs at line 2374, signal out[0] = 1
Test result differs at line 2375, signal out[1] = 1
Test result differs at line 2375, signal out[2] = 1
Test result differs at line 2375, signal out[3] = 1
Test result differs at line 2375, signal clk = 1
Test result differs at line 2375, signal rst_n = 1
Test result differs at line 2375, signal out[0] = 1
Test result differs at line 2390, signal out[1] = 1
Test result differs at line 2390, signal out[2] = 1
Test result differs at line 2390, signal out[3] = 1
Test result differs at line 2390, signal clk = 1
Test result differs at line 2390, signal rst_n = 1
Test result differs at line 2390, signal out[0] = 1
Test result differs at line 2391, signal out[1] = 1
Test result differs at line 2391, signal out[2] = 1
Test result differs at line 2391, signal out[3] = 1
Test result differs at line 2391, signal clk = 1
Test result differs at line 2391, signal rst_n = 1
Test result differs at line 2391, signal out[0] = 1
Test result differs at line 2406, signal out[1] = 1
Test result differs at line 2406, signal out[2] = 1
Test result differs at line 2406, signal out[3] = 1
Test result differs at line 2406, signal clk = 1
Test result differs at line 2406, signal rst_n = 1
Test result differs at line 2406, signal out[0] = 1
Test result differs at line 2407, signal out[1] = 1
Test result differs at line 2407, signal out[2] = 1
Test result differs at line 2407, signal out[3] = 1
Test result differs at line 2407, signal clk = 1
Test result differs at line 2407, signal rst_n = 1
Test result differs at line 2407, signal out[0] = 1
Test result differs at line 2422, signal out[1] = 1
Test result differs at line 2422, signal out[2] = 1
Test result differs at line 2422, signal out[3] = 1
Test result differs at line 2422, signal clk = 1
Test result differs at line 2422, signal rst_n = 1
Test result differs at line 2422, signal out[0] = 1
Test result differs at line 2423, signal out[1] = 1
Test result differs at line 2423, signal out[2] = 1
Test result differs at line 2423, signal out[3] = 1
Test result differs at line 2423, signal clk = 1
Test result differs at line 2423, signal rst_n = 1
Test result differs at line 2423, signal out[0] = 1
Test result differs at line 2438, signal out[1] = 1
Test result differs at line 2438, signal out[2] = 1
Test result differs at line 2438, signal out[3] = 1
Test result differs at line 2438, signal clk = 1
Test result differs at line 2438, signal rst_n = 1
Test result differs at line 2438, signal out[0] = 1
Test result differs at line 2439, signal out[1] = 1
Test result differs at line 2439, signal out[2] = 1
Test result differs at line 2439, signal out[3] = 1
Test result differs at line 2439, signal clk = 1
Test result differs at line 2439, signal rst_n = 1
Test result differs at line 2439, signal out[0] = 1
Test result differs at line 2454, signal out[1] = 1
Test result differs at line 2454, signal out[2] = 1
Test result differs at line 2454, signal out[3] = 1
Test result differs at line 2454, signal clk = 1
Test result differs at line 2454, signal rst_n = 1
Test result differs at line 2454, signal out[0] = 1
Test result differs at line 2455, signal out[1] = 1
Test result differs at line 2455, signal out[2] = 1
Test result differs at line 2455, signal out[3] = 1
Test result differs at line 2455, signal clk = 1
Test result differs at line 2455, signal rst_n = 1
Test result differs at line 2455, signal out[0] = 1
Test result differs at line 2470, signal out[1] = 1
Test result differs at line 2470, signal out[2] = 1
Test result differs at line 2470, signal out[3] = 1
Test result differs at line 2470, signal clk = 1
Test result differs at line 2470, signal rst_n = 1
Test result differs at line 2470, signal out[0] = 1
Test result differs at line 2471, signal out[1] = 1
Test result differs at line 2471, signal out[2] = 1
Test result differs at line 2471, signal out[3] = 1
Test result differs at line 2471, signal clk = 1
Test result differs at line 2471, signal rst_n = 1
Test result differs at line 2471, signal out[0] = 1
Test result differs at line 2486, signal out[1] = 1
Test result differs at line 2486, signal out[2] = 1
Test result differs at line 2486, signal out[3] = 1
Test result differs at line 2486, signal clk = 1
Test result differs at line 2486, signal rst_n = 1
Test result differs at line 2486, signal out[0] = 1
Test result differs at line 2487, signal out[1] = 1
Test result differs at line 2487, signal out[2] = 1
Test result differs at line 2487, signal out[3] = 1
Test result differs at line 2487, signal clk = 1
Test result differs at line 2487, signal rst_n = 1
Test result differs at line 2487, signal out[0] = 1
Test result differs at line 2502, signal out[1] = 1
Test result differs at line 2502, signal out[2] = 1
Test result differs at line 2502, signal out[3] = 1
Test result differs at line 2502, signal clk = 1
Test result differs at line 2502, signal rst_n = 1
Test result differs at line 2502, signal out[0] = 1
Test result differs at line 2503, signal out[1] = 1
Test result differs at line 2503, signal out[2] = 1
Test result differs at line 2503, signal out[3] = 1
Test result differs at line 2503, signal clk = 1
Test result differs at line 2503, signal rst_n = 1
Test result differs at line 2503, signal out[0] = 1
Test result differs at line 2518, signal out[1] = 1
Test result differs at line 2518, signal out[2] = 1
Test result differs at line 2518, signal out[3] = 1
Test result differs at line 2518, signal clk = 1
Test result differs at line 2518, signal rst_n = 1
Test result differs at line 2518, signal out[0] = 1
Test result differs at line 2519, signal out[1] = 1
Test result differs at line 2519, signal out[2] = 1
Test result differs at line 2519, signal out[3] = 1
Test result differs at line 2519, signal clk = 1
Test result differs at line 2519, signal rst_n = 1
Test result differs at line 2519, signal out[0] = 1
Test result differs at line 2534, signal out[1] = 1
Test result differs at line 2534, signal out[2] = 1
Test result differs at line 2534, signal out[3] = 1
Test result differs at line 2534, signal clk = 1
Test result differs at line 2534, signal rst_n = 1
Test result differs at line 2534, signal out[0] = 1
Test result differs at line 2535, signal out[1] = 1
Test result differs at line 2535, signal out[2] = 1
Test result differs at line 2535, signal out[3] = 1
Test result differs at line 2535, signal clk = 1
Test result differs at line 2535, signal rst_n = 1
Test result differs at line 2535, signal out[0] = 1
Test result differs at line 2550, signal out[1] = 1
Test result differs at line 2550, signal out[2] = 1
Test result differs at line 2550, signal out[3] = 1
Test result differs at line 2550, signal clk = 1
Test result differs at line 2550, signal rst_n = 1
Test result differs at line 2550, signal out[0] = 1
Test result differs at line 2551, signal out[1] = 1
Test result differs at line 2551, signal out[2] = 1
Test result differs at line 2551, signal out[3] = 1
Test result differs at line 2551, signal clk = 1
Test result differs at line 2551, signal rst_n = 1
Test result differs at line 2551, signal out[0] = 1
Test result differs at line 2566, signal out[1] = 1
Test result differs at line 2566, signal out[2] = 1
Test result differs at line 2566, signal out[3] = 1
Test result differs at line 2566, signal clk = 1
Test result differs at line 2566, signal rst_n = 1
Test result differs at line 2566, signal out[0] = 1
Test result differs at line 2567, signal out[1] = 1
Test result differs at line 2567, signal out[2] = 1
Test result differs at line 2567, signal out[3] = 1
Test result differs at line 2567, signal clk = 1
Test result differs at line 2567, signal rst_n = 1
Test result differs at line 2567, signal out[0] = 1
Test result differs at line 2582, signal out[1] = 1
Test result differs at line 2582, signal out[2] = 1
Test result differs at line 2582, signal out[3] = 1
Test result differs at line 2582, signal clk = 1
Test result differs at line 2582, signal rst_n = 1
Test result differs at line 2582, signal out[0] = 1
Test result differs at line 2583, signal out[1] = 1
Test result differs at line 2583, signal out[2] = 1
Test result differs at line 2583, signal out[3] = 1
Test result differs at line 2583, signal clk = 1
Test result differs at line 2583, signal rst_n = 1
Test result differs at line 2583, signal out[0] = 1
Test result differs at line 2598, signal out[1] = 1
Test result differs at line 2598, signal out[2] = 1
Test result differs at line 2598, signal out[3] = 1
Test result differs at line 2598, signal clk = 1
Test result differs at line 2598, signal rst_n = 1
Test result differs at line 2598, signal out[0] = 1
Test result differs at line 2599, signal out[1] = 1
Test result differs at line 2599, signal out[2] = 1
Test result differs at line 2599, signal out[3] = 1
Test result differs at line 2599, signal clk = 1
Test result differs at line 2599, signal rst_n = 1
Test result differs at line 2599, signal out[0] = 1
Test result differs at line 2614, signal out[1] = 1
Test result differs at line 2614, signal out[2] = 1
Test result differs at line 2614, signal out[3] = 1
Test result differs at line 2614, signal clk = 1
Test result differs at line 2614, signal rst_n = 1
Test result differs at line 2614, signal out[0] = 1
Test result differs at line 2615, signal out[1] = 1
Test result differs at line 2615, signal out[2] = 1
Test result differs at line 2615, signal out[3] = 1
Test result differs at line 2615, signal clk = 1
Test result differs at line 2615, signal rst_n = 1
Test result differs at line 2615, signal out[0] = 1
Test result differs at line 2630, signal out[1] = 1
Test result differs at line 2630, signal out[2] = 1
Test result differs at line 2630, signal out[3] = 1
Test result differs at line 2630, signal clk = 1
Test result differs at line 2630, signal rst_n = 1
Test result differs at line 2630, signal out[0] = 1
Test result differs at line 2631, signal out[1] = 1
Test result differs at line 2631, signal out[2] = 1
Test result differs at line 2631, signal out[3] = 1
Test result differs at line 2631, signal clk = 1
Test result differs at line 2631, signal rst_n = 1
Test result differs at line 2631, signal out[0] = 1
Test result differs at line 2646, signal out[1] = 1
Test result differs at line 2646, signal out[2] = 1
Test result differs at line 2646, signal out[3] = 1
Test result differs at line 2646, signal clk = 1
Test result differs at line 2646, signal rst_n = 1
Test result differs at line 2646, signal out[0] = 1
Test result differs at line 2647, signal out[1] = 1
Test result differs at line 2647, signal out[2] = 1
Test result differs at line 2647, signal out[3] = 1
Test result differs at line 2647, signal clk = 1
Test result differs at line 2647, signal rst_n = 1
Test result differs at line 2647, signal out[0] = 1
Test result differs at line 2662, signal out[1] = 1
Test result differs at line 2662, signal out[2] = 1
Test result differs at line 2662, signal out[3] = 1
Test result differs at line 2662, signal clk = 1
Test result differs at line 2662, signal rst_n = 1
Test result differs at line 2662, signal out[0] = 1
Test result differs at line 2663, signal out[1] = 1
Test result differs at line 2663, signal out[2] = 1
Test result differs at line 2663, signal out[3] = 1
Test result differs at line 2663, signal clk = 1
Test result differs at line 2663, signal rst_n = 1
Test result differs at line 2663, signal out[0] = 1
Test result differs at line 2678, signal out[1] = 1
Test result differs at line 2678, signal out[2] = 1
Test result differs at line 2678, signal out[3] = 1
Test result differs at line 2678, signal clk = 1
Test result differs at line 2678, signal rst_n = 1
Test result differs at line 2678, signal out[0] = 1
Test result differs at line 2679, signal out[1] = 1
Test result differs at line 2679, signal out[2] = 1
Test result differs at line 2679, signal out[3] = 1
Test result differs at line 2679, signal clk = 1
Test result differs at line 2679, signal rst_n = 1
Test result differs at line 2679, signal out[0] = 1
Test result differs at line 2694, signal out[1] = 1
Test result differs at line 2694, signal out[2] = 1
Test result differs at line 2694, signal out[3] = 1
Test result differs at line 2694, signal clk = 1
Test result differs at line 2694, signal rst_n = 1
Test result differs at line 2694, signal out[0] = 1
Test result differs at line 2695, signal out[1] = 1
Test result differs at line 2695, signal out[2] = 1
Test result differs at line 2695, signal out[3] = 1
Test result differs at line 2695, signal clk = 1
Test result differs at line 2695, signal rst_n = 1
Test result differs at line 2695, signal out[0] = 1
